<html>
<body>
<pre>
<h1>µVision Build Log</h1>
<h2>Tool Versions:</h2>
IDE-Version: µVision V5.39.0.0
Copyright (C) 2023 ARM Ltd and ARM Germany GmbH. All rights reserved.
License Information: Pavel Pavel, 1, LIC=47GU5-GIEMM-CX3U6-DKG7N-N90MT-BZG31
 
Tool Versions:
Toolchain:       MDK-ARM Plus  Version: 5.39.0.0
Toolchain Path:  C:\Keil_v5\ARM\ARMCLANG\Bin
C Compiler:      ArmClang.exe V6.21
Assembler:       Armasm.exe V6.21
Linker/Locator:  ArmLink.exe V6.21
Library Manager: ArmAr.exe V6.21
Hex Converter:   FromElf.exe V6.21
CPU DLL:         SARMCM3.DLL V5.39.0.0
Dialog DLL:      DCM.DLL V1.17.5.0
Target DLL:      CMSIS_AGDI.dll V1.33.16.0
Dialog DLL:      TCM.DLL V1.56.4.0
 
<h2>Project:</h2>
C:\Designs_GD\Keil_uVision5_project\second_attempt.uvprojx
Project File Date:  04/02/2026

<h2>Output:</h2>
*** Using Compiler 'V6.21', folder: 'C:\Keil_v5\ARM\ARMCLANG\Bin'
Rebuild target 'Target 1'
compiling systick.c...
compiling main.c...
compiling gd32f30x_gpio.c...
compiling gd32f30x_misc.c...
compiling gd32f30x_pmu.c...
compiling gd32f30x_rcu.c...
compiling gd32f30x_rtc.c...
compiling gd32f30x_usart.c...
assembling startup_gd32f30x_hd.s...
compiling gd32f30x_timer.c...
compiling system_gd32f30x.c...
linking...
Program Size: Code=3852 RO-data=336 RW-data=20 ZI-data=2180  
".\second_attempt.axf" - 0 Error(s), 0 Warning(s).

<h2>Software Packages used:</h2>

Package Vendor: ARM
                http://www.keil.com/pack/ARM.CMSIS.5.9.0.pack
                ARM::CMSIS@5.9.0
                CMSIS (Common Microcontroller Software Interface Standard)
   * Component: CORE Version: 5.6.0

Package Vendor: GigaDevice
                http://gd32mcu.com/data/documents/pack/GigaDevice.GD32F30x_DFP.2.2.0.pack
                GigaDevice::GD32F30x_DFP@2.2.0
                GigaDevice GD32F30x Series Device Support and Examples
   * Component: GPIO Version: 2.2.0
   * Component: MISC Version: 2.2.0
   * Component: PMU Version: 2.2.0
   * Component: RCU Version: 2.2.0
   * Component: RTC Version: 2.2.0
   * Component: TIMER Version: 2.2.0
   * Component: USART Version: 2.1.0
   * Component: GD32F30x_libopt Version: 2.2.0
   * Component: Startup Version: 2.2.0

<h2>Collection of Component include folders:</h2>
  ./RTE/_Target_1
  C:/Keil_v5/ARM/Packs/ARM/CMSIS/5.9.0/CMSIS/Core/Include
  C:/Keil_v5/ARM/Packs/GigaDevice/GD32F30x_DFP/2.2.0/Device/Firmware/Peripherals/inc
  C:/Keil_v5/ARM/Packs/GigaDevice/GD32F30x_DFP/2.2.0/Device/Include
  C:/Keil_v5/ARM/Packs/GigaDevice/GD32F30x_DFP/2.2.0/Device/Template

<h2>Collection of Component Files used:</h2>

   * Component: ARM::CMSIS:CORE@5.6.0

   * Component: GigaDevice::Device:GD32F30x_StdPeripherals:GPIO@2.2.0
      Source file:   Device/Firmware/Peripherals/src/gd32f30x_gpio.c
      Include file:  Device/Firmware/Peripherals/inc/gd32f30x_gpio.h

   * Component: GigaDevice::Device:GD32F30x_StdPeripherals:MISC@2.2.0
      Source file:   Device/Firmware/Peripherals/src/gd32f30x_misc.c
      Include file:  Device/Firmware/Peripherals/inc/gd32f30x_misc.h

   * Component: GigaDevice::Device:GD32F30x_StdPeripherals:PMU@2.2.0
      Include file:  Device/Firmware/Peripherals/inc/gd32f30x_pmu.h
      Source file:   Device/Firmware/Peripherals/src/gd32f30x_pmu.c

   * Component: GigaDevice::Device:GD32F30x_StdPeripherals:RCU@2.2.0
      Include file:  Device/Firmware/Peripherals/inc/gd32f30x_rcu.h
      Source file:   Device/Firmware/Peripherals/src/gd32f30x_rcu.c

   * Component: GigaDevice::Device:GD32F30x_StdPeripherals:RTC@2.2.0
      Include file:  Device/Firmware/Peripherals/inc/gd32f30x_rtc.h
      Source file:   Device/Firmware/Peripherals/src/gd32f30x_rtc.c

   * Component: GigaDevice::Device:GD32F30x_StdPeripherals:TIMER@2.2.0
      Source file:   Device/Firmware/Peripherals/src/gd32f30x_timer.c
      Include file:  Device/Firmware/Peripherals/inc/gd32f30x_timer.h

   * Component: GigaDevice::Device:GD32F30x_StdPeripherals:USART@2.1.0
      Include file:  Device/Firmware/Peripherals/inc/gd32f30x_usart.h
      Source file:   Device/Firmware/Peripherals/src/gd32f30x_usart.c

   * Component: GigaDevice::Device:GD32F30x_libopt@2.2.0
      Include file:  Device/Template/gd32f30x_libopt.h

   * Component: GigaDevice::Device:Startup@2.2.0
      Include file:  Device/Include/gd32f30x.h
      Source file:   Device/Source/ARM/startup_gd32f30x_hd.s
      Source file:   Device/Source/system_gd32f30x.c
Build Time Elapsed:  00:00:09
</pre>
</body>
</html>
