Component: Arm Compiler for Embedded 6.21 Tool: armlink [5ec1fa00]

==============================================================================

Section Cross References

    main.o(.text.PORT_INIT) refers to gd32f30x_rcu.o(.text.rcu_periph_clock_enable) for rcu_periph_clock_enable
    main.o(.text.PORT_INIT) refers to gd32f30x_gpio.o(.text.gpio_init) for gpio_init
    main.o(.text.PORT_INIT) refers to gd32f30x_gpio.o(.text.gpio_bit_set) for gpio_bit_set
    main.o(.ARM.exidx.text.PORT_INIT) refers to main.o(.text.PORT_INIT) for [Anonymous Symbol]
    main.o(.text.TIMER0_INIT) refers to gd32f30x_timer.o(.text.timer_auto_reload_shadow_enable) for timer_auto_reload_shadow_enable
    main.o(.text.TIMER0_INIT) refers to gd32f30x_timer.o(.text.timer_init) for timer_init
    main.o(.ARM.exidx.text.TIMER0_INIT) refers to main.o(.text.TIMER0_INIT) for [Anonymous Symbol]
    main.o(.text.Set_Timer0IC_icpolarity_rising) refers to main.o(.data.timer0_ch2_paraminit_rising) for timer0_ch2_paraminit_rising
    main.o(.text.Set_Timer0IC_icpolarity_rising) refers to gd32f30x_timer.o(.text.timer_input_capture_config) for timer_input_capture_config
    main.o(.ARM.exidx.text.Set_Timer0IC_icpolarity_rising) refers to main.o(.text.Set_Timer0IC_icpolarity_rising) for [Anonymous Symbol]
    main.o(.text.Set_Timer0IC_icpolarity_falling) refers to main.o(.data.timer0_ch2_paraminit_falling) for timer0_ch2_paraminit_falling
    main.o(.text.Set_Timer0IC_icpolarity_falling) refers to gd32f30x_timer.o(.text.timer_input_capture_config) for timer_input_capture_config
    main.o(.ARM.exidx.text.Set_Timer0IC_icpolarity_falling) refers to main.o(.text.Set_Timer0IC_icpolarity_falling) for [Anonymous Symbol]
    main.o(.text.Timer0IC_Init) refers to gd32f30x_rcu.o(.text.rcu_periph_clock_enable) for rcu_periph_clock_enable
    main.o(.text.Timer0IC_Init) refers to main.o(.text.Set_Timer0IC_icpolarity_falling) for Set_Timer0IC_icpolarity_falling
    main.o(.ARM.exidx.text.Timer0IC_Init) refers to main.o(.text.Timer0IC_Init) for [Anonymous Symbol]
    main.o(.text.TIMER0_Channel_IRQHandler) refers to gd32f30x_gpio.o(.text.gpio_bit_set) for gpio_bit_set
    main.o(.text.TIMER0_Channel_IRQHandler) refers to systick.o(.text.delay_1ms) for delay_1ms
    main.o(.text.TIMER0_Channel_IRQHandler) refers to gd32f30x_gpio.o(.text.gpio_bit_reset) for gpio_bit_reset
    main.o(.text.TIMER0_Channel_IRQHandler) refers to gd32f30x_timer.o(.text.timer_channel_capture_value_register_read) for timer_channel_capture_value_register_read
    main.o(.text.TIMER0_Channel_IRQHandler) refers to gd32f30x_gpio.o(.text.gpio_input_bit_get) for gpio_input_bit_get
    main.o(.text.TIMER0_Channel_IRQHandler) refers to main.o(.bss.is_exist_up_data) for is_exist_up_data
    main.o(.text.TIMER0_Channel_IRQHandler) refers to main.o(.bss.last) for last
    main.o(.text.TIMER0_Channel_IRQHandler) refers to main.o(.bss.diff_up) for diff_up
    main.o(.text.TIMER0_Channel_IRQHandler) refers to main.o(.text.Set_Timer0IC_icpolarity_rising) for Set_Timer0IC_icpolarity_rising
    main.o(.text.TIMER0_Channel_IRQHandler) refers to main.o(.bss.is_exist_down_data) for is_exist_down_data
    main.o(.text.TIMER0_Channel_IRQHandler) refers to main.o(.bss.diff_down) for diff_down
    main.o(.text.TIMER0_Channel_IRQHandler) refers to main.o(.text.Set_Timer0IC_icpolarity_falling) for Set_Timer0IC_icpolarity_falling
    main.o(.text.TIMER0_Channel_IRQHandler) refers to main.o(.bss.cur_temperature) for cur_temperature
    main.o(.text.TIMER0_Channel_IRQHandler) refers to gd32f30x_timer.o(.text.timer_interrupt_flag_clear) for timer_interrupt_flag_clear
    main.o(.ARM.exidx.text.TIMER0_Channel_IRQHandler) refers to main.o(.text.TIMER0_Channel_IRQHandler) for [Anonymous Symbol]
    main.o(.text.main) refers to system_gd32f30x.o(.text.SystemInit) for SystemInit
    main.o(.text.main) refers to gd32f30x_rcu.o(.text.rcu_apb1_clock_config) for rcu_apb1_clock_config
    main.o(.text.main) refers to gd32f30x_rcu.o(.text.rcu_apb2_clock_config) for rcu_apb2_clock_config
    main.o(.text.main) refers to gd32f30x_misc.o(.text.nvic_priority_group_set) for nvic_priority_group_set
    main.o(.text.main) refers to systick.o(.text.systick_config) for systick_config
    main.o(.text.main) refers to main.o(.text.PORT_INIT) for PORT_INIT
    main.o(.text.main) refers to main.o(.text.TIMER0_INIT) for TIMER0_INIT
    main.o(.text.main) refers to gd32f30x_timer.o(.text.timer_enable) for timer_enable
    main.o(.text.main) refers to main.o(.text.Timer0IC_Init) for Timer0IC_Init
    main.o(.text.main) refers to gd32f30x_timer.o(.text.timer_interrupt_enable) for timer_interrupt_enable
    main.o(.text.main) refers to gd32f30x_misc.o(.text.nvic_irq_enable) for nvic_irq_enable
    main.o(.ARM.exidx.text.main) refers to main.o(.text.main) for [Anonymous Symbol]
    main.o(.text.SysTick_Handler) refers to systick.o(.text.delay_decrement) for delay_decrement
[...]
    Removing main.o(.ARM.exidx.text.Timer0IC_Init), (8 bytes).
    Removing main.o(.ARM.exidx.text.TIMER0_Channel_IRQHandler), (8 bytes).
    Removing main.o(.ARM.exidx.text.main), (8 bytes).
    Removing main.o(.ARM.exidx.text.SysTick_Handler), (8 bytes).
    Removing main.o(.bss.now), (4 bytes).
    Removing main.o(.data.is_rising_flag), (4 bytes).
    Removing main.o(.ARM.use_no_argv), (4 bytes).
    Removing systick.o(.text), (0 bytes).
    Removing systick.o(.ARM.exidx.text.systick_config), (8 bytes).
    Removing systick.o(.ARM.exidx.text.SysTick_Config), (8 bytes).
    Removing systick.o(.ARM.exidx.text.__NVIC_SetPriority), (8 bytes).
    Removing systick.o(.ARM.exidx.text.delay_1ms), (8 bytes).
    Removing systick.o(.ARM.exidx.text.delay_decrement), (8 bytes).
    Removing gd32f30x_gpio.o(.text), (0 bytes).
    Removing gd32f30x_gpio.o(.text.gpio_deinit), (252 bytes).
    Removing gd32f30x_gpio.o(.ARM.exidx.text.gpio_deinit), (8 bytes).
    Removing gd32f30x_gpio.o(.text.gpio_afio_deinit), (24 bytes).
    Removing gd32f30x_gpio.o(.ARM.exidx.text.gpio_afio_deinit), (8 bytes).
    Removing gd32f30x_gpio.o(.ARM.exidx.text.gpio_init), (8 bytes).
    Removing gd32f30x_gpio.o(.ARM.exidx.text.gpio_bit_set), (8 bytes).
    Removing gd32f30x_gpio.o(.ARM.exidx.text.gpio_bit_reset), (8 bytes).
    Removing gd32f30x_gpio.o(.text.gpio_bit_write), (38 bytes).
    Removing gd32f30x_gpio.o(.ARM.exidx.text.gpio_bit_write), (8 bytes).
    Removing gd32f30x_gpio.o(.text.gpio_port_write), (20 bytes).
    Removing gd32f30x_gpio.o(.ARM.exidx.text.gpio_port_write), (8 bytes).
    Removing gd32f30x_gpio.o(.ARM.exidx.text.gpio_input_bit_get), (8 bytes).
    Removing gd32f30x_gpio.o(.text.gpio_input_port_get), (14 bytes).
    Removing gd32f30x_gpio.o(.ARM.exidx.text.gpio_input_port_get), (8 bytes).
    Removing gd32f30x_gpio.o(.text.gpio_output_bit_get), (42 bytes).
    Removing gd32f30x_gpio.o(.ARM.exidx.text.gpio_output_bit_get), (8 bytes).
    Removing gd32f30x_gpio.o(.text.gpio_output_port_get), (14 bytes).
    Removing gd32f30x_gpio.o(.ARM.exidx.text.gpio_output_port_get), (8 bytes).
    Removing gd32f30x_gpio.o(.text.gpio_pin_remap_config), (250 bytes).
    Removing gd32f30x_gpio.o(.ARM.exidx.text.gpio_pin_remap_config), (8 bytes).
    Removing gd32f30x_gpio.o(.text.gpio_exti_source_select), (228 bytes).
    Removing gd32f30x_gpio.o(.ARM.exidx.text.gpio_exti_source_select), (8 bytes).
    Removing gd32f30x_gpio.o(.text.gpio_event_output_config), (62 bytes).
    Removing gd32f30x_gpio.o(.ARM.exidx.text.gpio_event_output_config), (8 bytes).
    Removing gd32f30x_gpio.o(.text.gpio_event_output_enable), (16 bytes).
    Removing gd32f30x_gpio.o(.ARM.exidx.text.gpio_event_output_enable), (8 bytes).
    Removing gd32f30x_gpio.o(.text.gpio_event_output_disable), (16 bytes).
    Removing gd32f30x_gpio.o(.ARM.exidx.text.gpio_event_output_disable), (8 bytes).
    Removing gd32f30x_gpio.o(.text.gpio_pin_lock), (54 bytes).
    Removing gd32f30x_gpio.o(.ARM.exidx.text.gpio_pin_lock), (8 bytes).
    Removing gd32f30x_gpio.o(.text.gpio_compensation_config), (34 bytes).
    Removing gd32f30x_gpio.o(.ARM.exidx.text.gpio_compensation_config), (8 bytes).
    Removing gd32f30x_gpio.o(.text.gpio_compensation_flag_get), (42 bytes).
    Removing gd32f30x_gpio.o(.ARM.exidx.text.gpio_compensation_flag_get), (8 bytes).
    Removing gd32f30x_misc.o(.text), (0 bytes).
    Removing gd32f30x_misc.o(.ARM.exidx.text.nvic_priority_group_set), (8 bytes).
    Removing gd32f30x_misc.o(.ARM.exidx.text.nvic_irq_enable), (8 bytes).
    Removing gd32f30x_misc.o(.text.nvic_irq_disable), (38 bytes).
    Removing gd32f30x_misc.o(.ARM.exidx.text.nvic_irq_disable), (8 bytes).
    Removing gd32f30x_misc.o(.text.nvic_vector_table_set), (40 bytes).
    Removing gd32f30x_misc.o(.ARM.exidx.text.nvic_vector_table_set), (8 bytes).
    Removing gd32f30x_misc.o(.text.system_lowpower_set), (28 bytes).
    Removing gd32f30x_misc.o(.ARM.exidx.text.system_lowpower_set), (8 bytes).
    Removing gd32f30x_misc.o(.text.system_lowpower_reset), (28 bytes).
    Removing gd32f30x_misc.o(.ARM.exidx.text.system_lowpower_reset), (8 bytes).
    Removing gd32f30x_misc.o(.text.systick_clksource_set), (52 bytes).
    Removing gd32f30x_misc.o(.ARM.exidx.text.systick_clksource_set), (8 bytes).
    Removing gd32f30x_pmu.o(.text), (0 bytes).
    Removing gd32f30x_pmu.o(.text.pmu_deinit), (24 bytes).
    Removing gd32f30x_pmu.o(.ARM.exidx.text.pmu_deinit), (8 bytes).
    Removing gd32f30x_pmu.o(.text.pmu_lvd_select), (48 bytes).
    Removing gd32f30x_pmu.o(.ARM.exidx.text.pmu_lvd_select), (8 bytes).
    Removing gd32f30x_pmu.o(.text.pmu_ldo_output_select), (32 bytes).
    Removing gd32f30x_pmu.o(.ARM.exidx.text.pmu_ldo_output_select), (8 bytes).
    Removing gd32f30x_pmu.o(.text.pmu_lvd_disable), (18 bytes).
    Removing gd32f30x_pmu.o(.ARM.exidx.text.pmu_lvd_disable), (8 bytes).
    Removing gd32f30x_pmu.o(.text.pmu_highdriver_switch_select), (52 bytes).
    Removing gd32f30x_pmu.o(.ARM.exidx.text.pmu_highdriver_switch_select), (8 bytes).
    Removing gd32f30x_pmu.o(.text.pmu_flag_get), (46 bytes).
    Removing gd32f30x_pmu.o(.ARM.exidx.text.pmu_flag_get), (8 bytes).
    Removing gd32f30x_pmu.o(.text.pmu_highdriver_mode_enable), (18 bytes).
    Removing gd32f30x_pmu.o(.ARM.exidx.text.pmu_highdriver_mode_enable), (8 bytes).
    Removing gd32f30x_pmu.o(.text.pmu_highdriver_mode_disable), (18 bytes).
    Removing gd32f30x_pmu.o(.ARM.exidx.text.pmu_highdriver_mode_disable), (8 bytes).
    Removing gd32f30x_pmu.o(.text.pmu_lowdriver_mode_enable), (18 bytes).
    Removing gd32f30x_pmu.o(.ARM.exidx.text.pmu_lowdriver_mode_enable), (8 bytes).
    Removing gd32f30x_pmu.o(.text.pmu_lowdriver_mode_disable), (18 bytes).
    Removing gd32f30x_pmu.o(.ARM.exidx.text.pmu_lowdriver_mode_disable), (8 bytes).
    Removing gd32f30x_pmu.o(.text.pmu_lowpower_driver_config), (32 bytes).
    Removing gd32f30x_pmu.o(.ARM.exidx.text.pmu_lowpower_driver_config), (8 bytes).
    Removing gd32f30x_pmu.o(.text.pmu_normalpower_driver_config), (32 bytes).
    Removing gd32f30x_pmu.o(.ARM.exidx.text.pmu_normalpower_driver_config), (8 bytes).
    Removing gd32f30x_pmu.o(.text.pmu_to_sleepmode), (42 bytes).
    Removing gd32f30x_pmu.o(.ARM.exidx.text.pmu_to_sleepmode), (8 bytes).
    Removing gd32f30x_pmu.o(.text.pmu_to_deepsleepmode), (332 bytes).
    Removing gd32f30x_pmu.o(.ARM.exidx.text.pmu_to_deepsleepmode), (8 bytes).
    Removing gd32f30x_pmu.o(.text.pmu_to_standbymode), (66 bytes).
    Removing gd32f30x_pmu.o(.ARM.exidx.text.pmu_to_standbymode), (8 bytes).
    Removing gd32f30x_pmu.o(.text.pmu_backup_write_enable), (18 bytes).
    Removing gd32f30x_pmu.o(.ARM.exidx.text.pmu_backup_write_enable), (8 bytes).
    Removing gd32f30x_pmu.o(.text.pmu_backup_write_disable), (18 bytes).
    Removing gd32f30x_pmu.o(.ARM.exidx.text.pmu_backup_write_disable), (8 bytes).
    Removing gd32f30x_pmu.o(.text.pmu_wakeup_pin_enable), (18 bytes).
    Removing gd32f30x_pmu.o(.ARM.exidx.text.pmu_wakeup_pin_enable), (8 bytes).
    Removing gd32f30x_pmu.o(.text.pmu_wakeup_pin_disable), (18 bytes).
    Removing gd32f30x_pmu.o(.ARM.exidx.text.pmu_wakeup_pin_disable), (8 bytes).
    Removing gd32f30x_pmu.o(.text.pmu_flag_clear), (62 bytes).
    Removing gd32f30x_pmu.o(.ARM.exidx.text.pmu_flag_clear), (8 bytes).
    Removing gd32f30x_pmu.o(.bss.pmu_to_deepsleepmode.reg_snap), (16 bytes).
    Removing gd32f30x_rcu.o(.text), (0 bytes).
    Removing gd32f30x_rcu.o(.text.rcu_deinit), (132 bytes).
    Removing gd32f30x_rcu.o(.ARM.exidx.text.rcu_deinit), (8 bytes).
    Removing gd32f30x_rcu.o(.text.rcu_osci_stab_wait), (574 bytes).
    Removing gd32f30x_rcu.o(.ARM.exidx.text.rcu_osci_stab_wait), (8 bytes).
    Removing gd32f30x_rcu.o(.ARM.exidx.text.rcu_periph_clock_enable), (8 bytes).
    Removing gd32f30x_rcu.o(.text.rcu_periph_clock_disable), (40 bytes).
    Removing gd32f30x_rcu.o(.ARM.exidx.text.rcu_periph_clock_disable), (8 bytes).
    Removing gd32f30x_rcu.o(.text.rcu_periph_clock_sleep_enable), (40 bytes).
    Removing gd32f30x_rcu.o(.ARM.exidx.text.rcu_periph_clock_sleep_enable), (8 bytes).
    Removing gd32f30x_rcu.o(.text.rcu_periph_clock_sleep_disable), (40 bytes).
    Removing gd32f30x_rcu.o(.ARM.exidx.text.rcu_periph_clock_sleep_disable), (8 bytes).
    Removing gd32f30x_rcu.o(.text.rcu_periph_reset_enable), (40 bytes).
    Removing gd32f30x_rcu.o(.ARM.exidx.text.rcu_periph_reset_enable), (8 bytes).
    Removing gd32f30x_rcu.o(.text.rcu_periph_reset_disable), (40 bytes).
    Removing gd32f30x_rcu.o(.ARM.exidx.text.rcu_periph_reset_disable), (8 bytes).
    Removing gd32f30x_rcu.o(.text.rcu_bkp_reset_enable), (18 bytes).
    Removing gd32f30x_rcu.o(.ARM.exidx.text.rcu_bkp_reset_enable), (8 bytes).
    Removing gd32f30x_rcu.o(.text.rcu_bkp_reset_disable), (18 bytes).
    Removing gd32f30x_rcu.o(.ARM.exidx.text.rcu_bkp_reset_disable), (8 bytes).
    Removing gd32f30x_rcu.o(.text.rcu_system_clock_source_config), (36 bytes).
    Removing gd32f30x_rcu.o(.ARM.exidx.text.rcu_system_clock_source_config), (8 bytes).
    Removing gd32f30x_rcu.o(.text.rcu_system_clock_source_get), (16 bytes).
    Removing gd32f30x_rcu.o(.ARM.exidx.text.rcu_system_clock_source_get), (8 bytes).
    Removing gd32f30x_rcu.o(.text.rcu_ahb_clock_config), (36 bytes).
    Removing gd32f30x_rcu.o(.ARM.exidx.text.rcu_ahb_clock_config), (8 bytes).
    Removing gd32f30x_rcu.o(.ARM.exidx.text.rcu_apb1_clock_config), (8 bytes).
    Removing gd32f30x_rcu.o(.ARM.exidx.text.rcu_apb2_clock_config), (8 bytes).
    Removing gd32f30x_rcu.o(.text.rcu_ckout0_config), (36 bytes).
    Removing gd32f30x_rcu.o(.ARM.exidx.text.rcu_ckout0_config), (8 bytes).
    Removing gd32f30x_rcu.o(.text.rcu_pll_config), (56 bytes).
    Removing gd32f30x_rcu.o(.ARM.exidx.text.rcu_pll_config), (8 bytes).
    Removing gd32f30x_rcu.o(.text.rcu_pllpresel_config), (44 bytes).
    Removing gd32f30x_rcu.o(.ARM.exidx.text.rcu_pllpresel_config), (8 bytes).
    Removing gd32f30x_rcu.o(.text.rcu_predv0_config), (62 bytes).
    Removing gd32f30x_rcu.o(.ARM.exidx.text.rcu_predv0_config), (8 bytes).
    Removing gd32f30x_rcu.o(.text.rcu_adc_clock_config), (180 bytes).
    Removing gd32f30x_rcu.o(.ARM.exidx.text.rcu_adc_clock_config), (8 bytes).
    Removing gd32f30x_rcu.o(.text.rcu_usb_clock_config), (36 bytes).
    Removing gd32f30x_rcu.o(.ARM.exidx.text.rcu_usb_clock_config), (8 bytes).
    Removing gd32f30x_rcu.o(.text.rcu_rtc_clock_config), (36 bytes).
    Removing gd32f30x_rcu.o(.ARM.exidx.text.rcu_rtc_clock_config), (8 bytes).
    Removing gd32f30x_rcu.o(.text.rcu_ck48m_clock_config), (36 bytes).
    Removing gd32f30x_rcu.o(.ARM.exidx.text.rcu_ck48m_clock_config), (8 bytes).
    Removing gd32f30x_rcu.o(.text.rcu_flag_get), (62 bytes).
    Removing gd32f30x_rcu.o(.ARM.exidx.text.rcu_flag_get), (8 bytes).
    Removing gd32f30x_rcu.o(.text.rcu_all_reset_flag_clear), (18 bytes).
    Removing gd32f30x_rcu.o(.ARM.exidx.text.rcu_all_reset_flag_clear), (8 bytes).
    Removing gd32f30x_rcu.o(.text.rcu_interrupt_flag_get), (62 bytes).
    Removing gd32f30x_rcu.o(.ARM.exidx.text.rcu_interrupt_flag_get), (8 bytes).
    Removing gd32f30x_rcu.o(.text.rcu_interrupt_flag_clear), (40 bytes).
    Removing gd32f30x_rcu.o(.ARM.exidx.text.rcu_interrupt_flag_clear), (8 bytes).
    Removing gd32f30x_rcu.o(.text.rcu_interrupt_enable), (40 bytes).
    Removing gd32f30x_rcu.o(.ARM.exidx.text.rcu_interrupt_enable), (8 bytes).
    Removing gd32f30x_rcu.o(.text.rcu_interrupt_disable), (40 bytes).
    Removing gd32f30x_rcu.o(.ARM.exidx.text.rcu_interrupt_disable), (8 bytes).
    Removing gd32f30x_rcu.o(.text.rcu_lxtal_drive_capability_config), (36 bytes).
    Removing gd32f30x_rcu.o(.ARM.exidx.text.rcu_lxtal_drive_capability_config), (8 bytes).
    Removing gd32f30x_rcu.o(.text.rcu_osci_on), (40 bytes).
    Removing gd32f30x_rcu.o(.ARM.exidx.text.rcu_osci_on), (8 bytes).
    Removing gd32f30x_rcu.o(.text.rcu_osci_off), (40 bytes).
    Removing gd32f30x_rcu.o(.ARM.exidx.text.rcu_osci_off), (8 bytes).
    Removing gd32f30x_rcu.o(.text.rcu_osci_bypass_mode_enable), (134 bytes).
    Removing gd32f30x_rcu.o(.ARM.exidx.text.rcu_osci_bypass_mode_enable), (8 bytes).
    Removing gd32f30x_rcu.o(.text.rcu_osci_bypass_mode_disable), (134 bytes).
    Removing gd32f30x_rcu.o(.ARM.exidx.text.rcu_osci_bypass_mode_disable), (8 bytes).
    Removing gd32f30x_rcu.o(.text.rcu_hxtal_clock_monitor_enable), (18 bytes).
    Removing gd32f30x_rcu.o(.ARM.exidx.text.rcu_hxtal_clock_monitor_enable), (8 bytes).
    Removing gd32f30x_rcu.o(.text.rcu_hxtal_clock_monitor_disable), (18 bytes).
    Removing gd32f30x_rcu.o(.ARM.exidx.text.rcu_hxtal_clock_monitor_disable), (8 bytes).
    Removing gd32f30x_rcu.o(.text.rcu_irc8m_adjust_value_set), (42 bytes).
    Removing gd32f30x_rcu.o(.ARM.exidx.text.rcu_irc8m_adjust_value_set), (8 bytes).
    Removing gd32f30x_rcu.o(.text.rcu_deepsleep_voltage_set), (28 bytes).
    Removing gd32f30x_rcu.o(.ARM.exidx.text.rcu_deepsleep_voltage_set), (8 bytes).
    Removing gd32f30x_rcu.o(.text.rcu_clock_freq_get), (494 bytes).
    Removing gd32f30x_rcu.o(.ARM.exidx.text.rcu_clock_freq_get), (8 bytes).
    Removing gd32f30x_rcu.o(.rodata.cst16), (16 bytes).
    Removing gd32f30x_rcu.o(.rodata.cst8), (16 bytes).
    Removing gd32f30x_rtc.o(.text), (0 bytes).
    Removing gd32f30x_rtc.o(.text.rtc_interrupt_enable), (24 bytes).
    Removing gd32f30x_rtc.o(.ARM.exidx.text.rtc_interrupt_enable), (8 bytes).
    Removing gd32f30x_rtc.o(.text.rtc_interrupt_disable), (24 bytes).
    Removing gd32f30x_rtc.o(.ARM.exidx.text.rtc_interrupt_disable), (8 bytes).
    Removing gd32f30x_rtc.o(.text.rtc_configuration_mode_enter), (18 bytes).
    Removing gd32f30x_rtc.o(.ARM.exidx.text.rtc_configuration_mode_enter), (8 bytes).
    Removing gd32f30x_rtc.o(.text.rtc_configuration_mode_exit), (18 bytes).
    Removing gd32f30x_rtc.o(.ARM.exidx.text.rtc_configuration_mode_exit), (8 bytes).
    Removing gd32f30x_rtc.o(.text.rtc_lwoff_wait), (24 bytes).
    Removing gd32f30x_rtc.o(.ARM.exidx.text.rtc_lwoff_wait), (8 bytes).
    Removing gd32f30x_rtc.o(.text.rtc_register_sync_wait), (40 bytes).
    Removing gd32f30x_rtc.o(.ARM.exidx.text.rtc_register_sync_wait), (8 bytes).
    Removing gd32f30x_rtc.o(.text.rtc_counter_get), (42 bytes).
    Removing gd32f30x_rtc.o(.ARM.exidx.text.rtc_counter_get), (8 bytes).
    Removing gd32f30x_rtc.o(.text.rtc_counter_set), (46 bytes).
    Removing gd32f30x_rtc.o(.ARM.exidx.text.rtc_counter_set), (8 bytes).
    Removing gd32f30x_rtc.o(.text.rtc_prescaler_set), (48 bytes).
    Removing gd32f30x_rtc.o(.ARM.exidx.text.rtc_prescaler_set), (8 bytes).
    Removing gd32f30x_rtc.o(.text.rtc_alarm_config), (46 bytes).
    Removing gd32f30x_rtc.o(.ARM.exidx.text.rtc_alarm_config), (8 bytes).
    Removing gd32f30x_rtc.o(.text.rtc_divider_get), (46 bytes).
    Removing gd32f30x_rtc.o(.ARM.exidx.text.rtc_divider_get), (8 bytes).
    Removing gd32f30x_rtc.o(.text.rtc_flag_get), (46 bytes).
    Removing gd32f30x_rtc.o(.ARM.exidx.text.rtc_flag_get), (8 bytes).
    Removing gd32f30x_rtc.o(.text.rtc_flag_clear), (24 bytes).
    Removing gd32f30x_rtc.o(.ARM.exidx.text.rtc_flag_clear), (8 bytes).
    Removing gd32f30x_timer.o(.text), (0 bytes).
    Removing gd32f30x_timer.o(.text.timer_deinit), (280 bytes).
    Removing gd32f30x_timer.o(.ARM.exidx.text.timer_deinit), (8 bytes).
    Removing gd32f30x_timer.o(.text.timer_struct_para_init), (38 bytes).
    Removing gd32f30x_timer.o(.ARM.exidx.text.timer_struct_para_init), (8 bytes).
    Removing gd32f30x_timer.o(.ARM.exidx.text.timer_init), (8 bytes).
    Removing gd32f30x_timer.o(.ARM.exidx.text.timer_enable), (8 bytes).
    Removing gd32f30x_timer.o(.text.timer_disable), (18 bytes).
    Removing gd32f30x_timer.o(.ARM.exidx.text.timer_disable), (8 bytes).
    Removing gd32f30x_timer.o(.ARM.exidx.text.timer_auto_reload_shadow_enable), (8 bytes).
    Removing gd32f30x_timer.o(.text.timer_auto_reload_shadow_disable), (18 bytes).
    Removing gd32f30x_timer.o(.ARM.exidx.text.timer_auto_reload_shadow_disable), (8 bytes).
    Removing gd32f30x_timer.o(.text.timer_update_event_enable), (18 bytes).
    Removing gd32f30x_timer.o(.ARM.exidx.text.timer_update_event_enable), (8 bytes).
    Removing gd32f30x_timer.o(.text.timer_update_event_disable), (18 bytes).
    Removing gd32f30x_timer.o(.ARM.exidx.text.timer_update_event_disable), (8 bytes).
    Removing gd32f30x_timer.o(.text.timer_counter_alignment), (34 bytes).
    Removing gd32f30x_timer.o(.ARM.exidx.text.timer_counter_alignment), (8 bytes).
    Removing gd32f30x_timer.o(.text.timer_counter_up_direction), (18 bytes).
    Removing gd32f30x_timer.o(.ARM.exidx.text.timer_counter_up_direction), (8 bytes).
    Removing gd32f30x_timer.o(.text.timer_counter_down_direction), (18 bytes).
    Removing gd32f30x_timer.o(.ARM.exidx.text.timer_counter_down_direction), (8 bytes).
    Removing gd32f30x_timer.o(.text.timer_prescaler_config), (44 bytes).
    Removing gd32f30x_timer.o(.ARM.exidx.text.timer_prescaler_config), (8 bytes).
    Removing gd32f30x_timer.o(.text.timer_repetition_value_config), (20 bytes).
    Removing gd32f30x_timer.o(.ARM.exidx.text.timer_repetition_value_config), (8 bytes).
    Removing gd32f30x_timer.o(.text.timer_autoreload_value_config), (20 bytes).
    Removing gd32f30x_timer.o(.ARM.exidx.text.timer_autoreload_value_config), (8 bytes).
    Removing gd32f30x_timer.o(.text.timer_counter_value_config), (20 bytes).
    Removing gd32f30x_timer.o(.ARM.exidx.text.timer_counter_value_config), (8 bytes).
    Removing gd32f30x_timer.o(.text.timer_counter_read), (20 bytes).
    Removing gd32f30x_timer.o(.ARM.exidx.text.timer_counter_read), (8 bytes).
    Removing gd32f30x_timer.o(.text.timer_prescaler_read), (26 bytes).
    Removing gd32f30x_timer.o(.ARM.exidx.text.timer_prescaler_read), (8 bytes).
    Removing gd32f30x_timer.o(.text.timer_single_pulse_mode_config), (52 bytes).
    Removing gd32f30x_timer.o(.ARM.exidx.text.timer_single_pulse_mode_config), (8 bytes).
    Removing gd32f30x_timer.o(.text.timer_update_source_config), (52 bytes).
    Removing gd32f30x_timer.o(.ARM.exidx.text.timer_update_source_config), (8 bytes).
    Removing gd32f30x_timer.o(.ARM.exidx.text.timer_interrupt_enable), (8 bytes).
    Removing gd32f30x_timer.o(.text.timer_interrupt_disable), (20 bytes).
    Removing gd32f30x_timer.o(.ARM.exidx.text.timer_interrupt_disable), (8 bytes).
    Removing gd32f30x_timer.o(.text.timer_interrupt_flag_get), (58 bytes).
    Removing gd32f30x_timer.o(.ARM.exidx.text.timer_interrupt_flag_get), (8 bytes).
    Removing gd32f30x_timer.o(.ARM.exidx.text.timer_interrupt_flag_clear), (8 bytes).
    Removing gd32f30x_timer.o(.text.timer_flag_get), (42 bytes).
    Removing gd32f30x_timer.o(.ARM.exidx.text.timer_flag_get), (8 bytes).
    Removing gd32f30x_timer.o(.text.timer_flag_clear), (18 bytes).
    Removing gd32f30x_timer.o(.ARM.exidx.text.timer_flag_clear), (8 bytes).
    Removing gd32f30x_timer.o(.text.timer_dma_enable), (24 bytes).
    Removing gd32f30x_timer.o(.ARM.exidx.text.timer_dma_enable), (8 bytes).
    Removing gd32f30x_timer.o(.text.timer_dma_disable), (24 bytes).
    Removing gd32f30x_timer.o(.ARM.exidx.text.timer_dma_disable), (8 bytes).
    Removing gd32f30x_timer.o(.text.timer_channel_dma_request_source_select), (58 bytes).
    Removing gd32f30x_timer.o(.ARM.exidx.text.timer_channel_dma_request_source_select), (8 bytes).
    Removing gd32f30x_timer.o(.text.timer_dma_transfer_config), (40 bytes).
    Removing gd32f30x_timer.o(.ARM.exidx.text.timer_dma_transfer_config), (8 bytes).
    Removing gd32f30x_timer.o(.text.timer_event_software_generate), (24 bytes).
    Removing gd32f30x_timer.o(.ARM.exidx.text.timer_event_software_generate), (8 bytes).
    Removing gd32f30x_timer.o(.text.timer_break_struct_para_init), (38 bytes).
    Removing gd32f30x_timer.o(.ARM.exidx.text.timer_break_struct_para_init), (8 bytes).
    Removing gd32f30x_timer.o(.text.timer_break_config), (42 bytes).
    Removing gd32f30x_timer.o(.ARM.exidx.text.timer_break_config), (8 bytes).
    Removing gd32f30x_timer.o(.text.timer_break_enable), (18 bytes).
    Removing gd32f30x_timer.o(.ARM.exidx.text.timer_break_enable), (8 bytes).
    Removing gd32f30x_timer.o(.text.timer_break_disable), (18 bytes).
    Removing gd32f30x_timer.o(.ARM.exidx.text.timer_break_disable), (8 bytes).
    Removing gd32f30x_timer.o(.text.timer_automatic_output_enable), (18 bytes).
    Removing gd32f30x_timer.o(.ARM.exidx.text.timer_automatic_output_enable), (8 bytes).
    Removing gd32f30x_timer.o(.text.timer_automatic_output_disable), (18 bytes).
    Removing gd32f30x_timer.o(.ARM.exidx.text.timer_automatic_output_disable), (8 bytes).
    Removing gd32f30x_timer.o(.text.timer_primary_output_config), (46 bytes).
    Removing gd32f30x_timer.o(.ARM.exidx.text.timer_primary_output_config), (8 bytes).
    Removing gd32f30x_timer.o(.text.timer_channel_control_shadow_config), (46 bytes).
    Removing gd32f30x_timer.o(.ARM.exidx.text.timer_channel_control_shadow_config), (8 bytes).
    Removing gd32f30x_timer.o(.text.timer_channel_control_shadow_update_config), (58 bytes).
    Removing gd32f30x_timer.o(.ARM.exidx.text.timer_channel_control_shadow_update_config), (8 bytes).
    Removing gd32f30x_timer.o(.text.timer_channel_output_struct_para_init), (34 bytes).
    Removing gd32f30x_timer.o(.ARM.exidx.text.timer_channel_output_struct_para_init), (8 bytes).
    Removing gd32f30x_timer.o(.text.timer_channel_output_config), (720 bytes).
    Removing gd32f30x_timer.o(.ARM.exidx.text.timer_channel_output_config), (8 bytes).
    Removing gd32f30x_timer.o(.text.timer_channel_output_mode_config), (140 bytes).
    Removing gd32f30x_timer.o(.ARM.exidx.text.timer_channel_output_mode_config), (8 bytes).
    Removing gd32f30x_timer.o(.text.timer_channel_output_pulse_value_config), (70 bytes).
    Removing gd32f30x_timer.o(.ARM.exidx.text.timer_channel_output_pulse_value_config), (8 bytes).
    Removing gd32f30x_timer.o(.text.timer_channel_output_shadow_config), (140 bytes).
    Removing gd32f30x_timer.o(.ARM.exidx.text.timer_channel_output_shadow_config), (8 bytes).
    Removing gd32f30x_timer.o(.text.timer_channel_output_fast_config), (140 bytes).
    Removing gd32f30x_timer.o(.ARM.exidx.text.timer_channel_output_fast_config), (8 bytes).
    Removing gd32f30x_timer.o(.text.timer_channel_output_clear_config), (140 bytes).
    Removing gd32f30x_timer.o(.ARM.exidx.text.timer_channel_output_clear_config), (8 bytes).
    Removing gd32f30x_timer.o(.text.timer_channel_output_polarity_config), (142 bytes).
    Removing gd32f30x_timer.o(.ARM.exidx.text.timer_channel_output_polarity_config), (8 bytes).
    Removing gd32f30x_timer.o(.text.timer_channel_complementary_output_polarity_config), (122 bytes).
    Removing gd32f30x_timer.o(.ARM.exidx.text.timer_channel_complementary_output_polarity_config), (8 bytes).
    Removing gd32f30x_timer.o(.text.timer_channel_output_state_config), (132 bytes).
    Removing gd32f30x_timer.o(.ARM.exidx.text.timer_channel_output_state_config), (8 bytes).
    Removing gd32f30x_timer.o(.text.timer_channel_complementary_output_state_config), (122 bytes).
    Removing gd32f30x_timer.o(.ARM.exidx.text.timer_channel_complementary_output_state_config), (8 bytes).
    Removing gd32f30x_timer.o(.text.timer_channel_input_struct_para_init), (28 bytes).
    Removing gd32f30x_timer.o(.ARM.exidx.text.timer_channel_input_struct_para_init), (8 bytes).
    Removing gd32f30x_timer.o(.ARM.exidx.text.timer_input_capture_config), (8 bytes).
    Removing gd32f30x_timer.o(.ARM.exidx.text.timer_channel_input_capture_prescaler_config), (8 bytes).
    Removing gd32f30x_timer.o(.ARM.exidx.text.timer_channel_capture_value_register_read), (8 bytes).
    Removing gd32f30x_timer.o(.text.timer_input_pwm_capture_config), (498 bytes).
    Removing gd32f30x_timer.o(.ARM.exidx.text.timer_input_pwm_capture_config), (8 bytes).
    Removing gd32f30x_timer.o(.text.timer_hall_mode_config), (52 bytes).
    Removing gd32f30x_timer.o(.ARM.exidx.text.timer_hall_mode_config), (8 bytes).
    Removing gd32f30x_timer.o(.text.timer_input_trigger_source_select), (30 bytes).
    Removing gd32f30x_timer.o(.ARM.exidx.text.timer_input_trigger_source_select), (8 bytes).
    Removing gd32f30x_timer.o(.text.timer_master_output_trigger_source_select), (30 bytes).
    Removing gd32f30x_timer.o(.ARM.exidx.text.timer_master_output_trigger_source_select), (8 bytes).
    Removing gd32f30x_timer.o(.text.timer_slave_mode_select), (30 bytes).
    Removing gd32f30x_timer.o(.ARM.exidx.text.timer_slave_mode_select), (8 bytes).
    Removing gd32f30x_timer.o(.text.timer_master_slave_mode_config), (52 bytes).
    Removing gd32f30x_timer.o(.ARM.exidx.text.timer_master_slave_mode_config), (8 bytes).
    Removing gd32f30x_timer.o(.text.timer_external_trigger_config), (52 bytes).
    Removing gd32f30x_timer.o(.ARM.exidx.text.timer_external_trigger_config), (8 bytes).
    Removing gd32f30x_timer.o(.text.timer_quadrature_decoder_mode_config), (102 bytes).
    Removing gd32f30x_timer.o(.ARM.exidx.text.timer_quadrature_decoder_mode_config), (8 bytes).
    Removing gd32f30x_timer.o(.text.timer_internal_clock_config), (18 bytes).
    Removing gd32f30x_timer.o(.ARM.exidx.text.timer_internal_clock_config), (8 bytes).
    Removing gd32f30x_timer.o(.text.timer_internal_trigger_as_external_clock_config), (40 bytes).
    Removing gd32f30x_timer.o(.ARM.exidx.text.timer_internal_trigger_as_external_clock_config), (8 bytes).
    Removing gd32f30x_timer.o(.text.timer_external_trigger_as_external_clock_config), (228 bytes).
    Removing gd32f30x_timer.o(.ARM.exidx.text.timer_external_trigger_as_external_clock_config), (8 bytes).
    Removing gd32f30x_timer.o(.text.timer_external_clock_mode0_config), (48 bytes).
    Removing gd32f30x_timer.o(.ARM.exidx.text.timer_external_clock_mode0_config), (8 bytes).
    Removing gd32f30x_timer.o(.text.timer_external_clock_mode1_config), (38 bytes).
    Removing gd32f30x_timer.o(.ARM.exidx.text.timer_external_clock_mode1_config), (8 bytes).
    Removing gd32f30x_timer.o(.text.timer_external_clock_mode1_disable), (18 bytes).
    Removing gd32f30x_timer.o(.ARM.exidx.text.timer_external_clock_mode1_disable), (8 bytes).
    Removing gd32f30x_timer.o(.text.timer_write_chxval_register_config), (66 bytes).
    Removing gd32f30x_timer.o(.ARM.exidx.text.timer_write_chxval_register_config), (8 bytes).
    Removing gd32f30x_timer.o(.text.timer_output_value_selection_config), (66 bytes).
    Removing gd32f30x_timer.o(.ARM.exidx.text.timer_output_value_selection_config), (8 bytes).
    Removing gd32f30x_usart.o(.text), (0 bytes).
    Removing gd32f30x_usart.o(.text.usart_deinit), (184 bytes).
    Removing gd32f30x_usart.o(.ARM.exidx.text.usart_deinit), (8 bytes).
    Removing gd32f30x_usart.o(.text.usart_baudrate_set), (202 bytes).
    Removing gd32f30x_usart.o(.ARM.exidx.text.usart_baudrate_set), (8 bytes).
    Removing gd32f30x_usart.o(.text.usart_parity_config), (30 bytes).
    Removing gd32f30x_usart.o(.ARM.exidx.text.usart_parity_config), (8 bytes).
    Removing gd32f30x_usart.o(.text.usart_word_length_set), (30 bytes).
    Removing gd32f30x_usart.o(.ARM.exidx.text.usart_word_length_set), (8 bytes).
    Removing gd32f30x_usart.o(.text.usart_stop_bit_set), (30 bytes).
    Removing gd32f30x_usart.o(.ARM.exidx.text.usart_stop_bit_set), (8 bytes).
    Removing gd32f30x_usart.o(.text.usart_enable), (18 bytes).
    Removing gd32f30x_usart.o(.ARM.exidx.text.usart_enable), (8 bytes).
    Removing gd32f30x_usart.o(.text.usart_disable), (18 bytes).
    Removing gd32f30x_usart.o(.ARM.exidx.text.usart_disable), (8 bytes).
    Removing gd32f30x_usart.o(.text.usart_transmit_config), (42 bytes).
    Removing gd32f30x_usart.o(.ARM.exidx.text.usart_transmit_config), (8 bytes).
    Removing gd32f30x_usart.o(.text.usart_receive_config), (42 bytes).
    Removing gd32f30x_usart.o(.ARM.exidx.text.usart_receive_config), (8 bytes).
    Removing gd32f30x_usart.o(.text.usart_data_first_config), (38 bytes).
    Removing gd32f30x_usart.o(.ARM.exidx.text.usart_data_first_config), (8 bytes).
    Removing gd32f30x_usart.o(.text.usart_invert_config), (134 bytes).
    Removing gd32f30x_usart.o(.ARM.exidx.text.usart_invert_config), (8 bytes).
    Removing gd32f30x_usart.o(.text.usart_receiver_timeout_enable), (22 bytes).
    Removing gd32f30x_usart.o(.ARM.exidx.text.usart_receiver_timeout_enable), (8 bytes).
    Removing gd32f30x_usart.o(.text.usart_receiver_timeout_disable), (22 bytes).
    Removing gd32f30x_usart.o(.ARM.exidx.text.usart_receiver_timeout_disable), (8 bytes).
    Removing gd32f30x_usart.o(.text.usart_receiver_timeout_threshold_config), (38 bytes).
    Removing gd32f30x_usart.o(.ARM.exidx.text.usart_receiver_timeout_threshold_config), (8 bytes).
    Removing gd32f30x_usart.o(.text.usart_data_transmit), (20 bytes).
    Removing gd32f30x_usart.o(.ARM.exidx.text.usart_data_transmit), (8 bytes).
    Removing gd32f30x_usart.o(.text.usart_data_receive), (16 bytes).
    Removing gd32f30x_usart.o(.ARM.exidx.text.usart_data_receive), (8 bytes).
    Removing gd32f30x_usart.o(.text.usart_address_config), (38 bytes).
    Removing gd32f30x_usart.o(.ARM.exidx.text.usart_address_config), (8 bytes).
    Removing gd32f30x_usart.o(.text.usart_mute_mode_enable), (18 bytes).
    Removing gd32f30x_usart.o(.ARM.exidx.text.usart_mute_mode_enable), (8 bytes).
    Removing gd32f30x_usart.o(.text.usart_mute_mode_disable), (18 bytes).
    Removing gd32f30x_usart.o(.ARM.exidx.text.usart_mute_mode_disable), (8 bytes).
    Removing gd32f30x_usart.o(.text.usart_mute_mode_wakeup_config), (30 bytes).
    Removing gd32f30x_usart.o(.ARM.exidx.text.usart_mute_mode_wakeup_config), (8 bytes).
    Removing gd32f30x_usart.o(.text.usart_lin_mode_enable), (18 bytes).
    Removing gd32f30x_usart.o(.ARM.exidx.text.usart_lin_mode_enable), (8 bytes).
    Removing gd32f30x_usart.o(.text.usart_lin_mode_disable), (18 bytes).
    Removing gd32f30x_usart.o(.ARM.exidx.text.usart_lin_mode_disable), (8 bytes).
    Removing gd32f30x_usart.o(.text.usart_lin_break_detection_length_config), (34 bytes).
    Removing gd32f30x_usart.o(.ARM.exidx.text.usart_lin_break_detection_length_config), (8 bytes).
    Removing gd32f30x_usart.o(.text.usart_send_break), (18 bytes).
    Removing gd32f30x_usart.o(.ARM.exidx.text.usart_send_break), (8 bytes).
    Removing gd32f30x_usart.o(.text.usart_halfduplex_enable), (18 bytes).
    Removing gd32f30x_usart.o(.ARM.exidx.text.usart_halfduplex_enable), (8 bytes).
    Removing gd32f30x_usart.o(.text.usart_halfduplex_disable), (18 bytes).
    Removing gd32f30x_usart.o(.ARM.exidx.text.usart_halfduplex_disable), (8 bytes).
    Removing gd32f30x_usart.o(.text.usart_synchronous_clock_enable), (18 bytes).
    Removing gd32f30x_usart.o(.ARM.exidx.text.usart_synchronous_clock_enable), (8 bytes).
    Removing gd32f30x_usart.o(.text.usart_synchronous_clock_disable), (18 bytes).
    Removing gd32f30x_usart.o(.ARM.exidx.text.usart_synchronous_clock_disable), (8 bytes).
    Removing gd32f30x_usart.o(.text.usart_synchronous_clock_config), (66 bytes).
    Removing gd32f30x_usart.o(.ARM.exidx.text.usart_synchronous_clock_config), (8 bytes).
    Removing gd32f30x_usart.o(.text.usart_guard_time_config), (34 bytes).
    Removing gd32f30x_usart.o(.ARM.exidx.text.usart_guard_time_config), (8 bytes).
    Removing gd32f30x_usart.o(.text.usart_smartcard_mode_enable), (18 bytes).
    Removing gd32f30x_usart.o(.ARM.exidx.text.usart_smartcard_mode_enable), (8 bytes).
    Removing gd32f30x_usart.o(.text.usart_smartcard_mode_disable), (18 bytes).
    Removing gd32f30x_usart.o(.ARM.exidx.text.usart_smartcard_mode_disable), (8 bytes).
    Removing gd32f30x_usart.o(.text.usart_smartcard_mode_nack_enable), (18 bytes).
    Removing gd32f30x_usart.o(.ARM.exidx.text.usart_smartcard_mode_nack_enable), (8 bytes).
    Removing gd32f30x_usart.o(.text.usart_smartcard_mode_nack_disable), (18 bytes).
    Removing gd32f30x_usart.o(.ARM.exidx.text.usart_smartcard_mode_nack_disable), (8 bytes).
    Removing gd32f30x_usart.o(.text.usart_smartcard_autoretry_config), (44 bytes).
    Removing gd32f30x_usart.o(.ARM.exidx.text.usart_smartcard_autoretry_config), (8 bytes).
    Removing gd32f30x_usart.o(.text.usart_block_length_config), (40 bytes).
    Removing gd32f30x_usart.o(.ARM.exidx.text.usart_block_length_config), (8 bytes).
    Removing gd32f30x_usart.o(.text.usart_irda_mode_enable), (18 bytes).
    Removing gd32f30x_usart.o(.ARM.exidx.text.usart_irda_mode_enable), (8 bytes).
    Removing gd32f30x_usart.o(.text.usart_irda_mode_disable), (18 bytes).
    Removing gd32f30x_usart.o(.ARM.exidx.text.usart_irda_mode_disable), (8 bytes).
    Removing gd32f30x_usart.o(.text.usart_prescaler_config), (34 bytes).
    Removing gd32f30x_usart.o(.ARM.exidx.text.usart_prescaler_config), (8 bytes).
    Removing gd32f30x_usart.o(.text.usart_irda_lowpower_config), (34 bytes).
    Removing gd32f30x_usart.o(.ARM.exidx.text.usart_irda_lowpower_config), (8 bytes).
    Removing gd32f30x_usart.o(.text.usart_hardware_flow_rts_config), (42 bytes).
    Removing gd32f30x_usart.o(.ARM.exidx.text.usart_hardware_flow_rts_config), (8 bytes).
    Removing gd32f30x_usart.o(.text.usart_hardware_flow_cts_config), (42 bytes).
    Removing gd32f30x_usart.o(.ARM.exidx.text.usart_hardware_flow_cts_config), (8 bytes).
    Removing gd32f30x_usart.o(.text.usart_dma_receive_config), (42 bytes).
    Removing gd32f30x_usart.o(.ARM.exidx.text.usart_dma_receive_config), (8 bytes).
    Removing gd32f30x_usart.o(.text.usart_dma_transmit_config), (42 bytes).
    Removing gd32f30x_usart.o(.ARM.exidx.text.usart_dma_transmit_config), (8 bytes).
    Removing gd32f30x_usart.o(.text.usart_flag_get), (58 bytes).
    Removing gd32f30x_usart.o(.ARM.exidx.text.usart_flag_get), (8 bytes).
    Removing gd32f30x_usart.o(.text.usart_flag_clear), (36 bytes).
    Removing gd32f30x_usart.o(.ARM.exidx.text.usart_flag_clear), (8 bytes).
    Removing gd32f30x_usart.o(.text.usart_interrupt_enable), (36 bytes).
    Removing gd32f30x_usart.o(.ARM.exidx.text.usart_interrupt_enable), (8 bytes).
    Removing gd32f30x_usart.o(.text.usart_interrupt_disable), (36 bytes).
    Removing gd32f30x_usart.o(.ARM.exidx.text.usart_interrupt_disable), (8 bytes).
    Removing gd32f30x_usart.o(.text.usart_interrupt_flag_get), (94 bytes).
    Removing gd32f30x_usart.o(.ARM.exidx.text.usart_interrupt_flag_get), (8 bytes).
    Removing gd32f30x_usart.o(.text.usart_interrupt_flag_clear), (32 bytes).
    Removing gd32f30x_usart.o(.ARM.exidx.text.usart_interrupt_flag_clear), (8 bytes).
    Removing system_gd32f30x.o(.text), (0 bytes).
    Removing system_gd32f30x.o(.ARM.exidx.text.SystemInit), (8 bytes).
    Removing system_gd32f30x.o(.ARM.exidx.text.system_clock_config), (8 bytes).
    Removing system_gd32f30x.o(.text.SystemCoreClockUpdate), (412 bytes).
    Removing system_gd32f30x.o(.ARM.exidx.text.SystemCoreClockUpdate), (8 bytes).
    Removing system_gd32f30x.o(.ARM.exidx.text.system_clock_120m_hxtal), (8 bytes).
    Removing system_gd32f30x.o(.rodata.cst16), (16 bytes).

456 unused section(s) (total 14398 bytes) removed from the image.

==============================================================================

Image Symbol Table

    Local Symbols

    Symbol Name                              Value     Ov Type        Size  Object(Section)

    ../clib/angel/boardlib.s                 0x00000000   Number         0  boardinit1.o ABSOLUTE
    ../clib/angel/boardlib.s                 0x00000000   Number         0  boardinit2.o ABSOLUTE
    ../clib/angel/boardlib.s                 0x00000000   Number         0  boardinit3.o ABSOLUTE
    ../clib/angel/boardlib.s                 0x00000000   Number         0  boardshut.o ABSOLUTE
    ../clib/angel/handlers.s                 0x00000000   Number         0  __scatter_copy.o ABSOLUTE
    ../clib/angel/handlers.s                 0x00000000   Number         0  __scatter_zi.o ABSOLUTE
    ../clib/angel/kernel.s                   0x00000000   Number         0  __rtentry.o ABSOLUTE
    ../clib/angel/kernel.s                   0x00000000   Number         0  __rtentry2.o ABSOLUTE
    ../clib/angel/kernel.s                   0x00000000   Number         0  __rtentry4.o ABSOLUTE
    ../clib/angel/kernel.s                   0x00000000   Number         0  rtexit.o ABSOLUTE
    ../clib/angel/kernel.s                   0x00000000   Number         0  rtexit2.o ABSOLUTE
    ../clib/angel/rt.s                       0x00000000   Number         0  rt_raise.o ABSOLUTE
    ../clib/angel/scatter.s                  0x00000000   Number         0  __scatter.o ABSOLUTE
    ../clib/angel/startup.s                  0x00000000   Number         0  __main.o ABSOLUTE
    ../clib/angel/sys.s                      0x00000000   Number         0  sys_stackheap_outer.o ABSOLUTE
    ../clib/angel/sys.s                      0x00000000   Number         0  libspace.o ABSOLUTE
    ../clib/angel/sys.s                      0x00000000   Number         0  use_no_semi.o ABSOLUTE
    ../clib/angel/sys.s                      0x00000000   Number         0  indicate_semi.o ABSOLUTE
    ../clib/angel/sysapp.c                   0x00000000   Number         0  sys_exit.o ABSOLUTE
    ../clib/angel/sysapp.c                   0x00000000   Number         0  sys_exit_hlt.o ABSOLUTE
    ../clib/angel/sysapp.c                   0x00000000   Number         0  sys_command.o ABSOLUTE
    ../clib/angel/sysapp.c                   0x00000000   Number         0  sys_command_hlt.o ABSOLUTE
    ../clib/angel/sysapp.c                   0x00000000   Number         0  sys_wrch.o ABSOLUTE
    ../clib/angel/sysapp.c                   0x00000000   Number         0  sys_wrch_hlt.o ABSOLUTE
    ../clib/armsys.c                         0x00000000   Number         0  argv_veneer.o ABSOLUTE
    ../clib/armsys.c                         0x00000000   Number         0  argv_veneer.o ABSOLUTE
    ../clib/armsys.c                         0x00000000   Number         0  _get_argv_nomalloc.o ABSOLUTE
    ../clib/armsys.c                         0x00000000   Number         0  no_argv.o ABSOLUTE
    ../clib/heapalloc.c                      0x00000000   Number         0  hrguard.o ABSOLUTE
    ../clib/heapaux.c                        0x00000000   Number         0  heapauxi.o ABSOLUTE
    ../clib/libinit.s                        0x00000000   Number         0  libinit.o ABSOLUTE
    ../clib/libinit.s                        0x00000000   Number         0  libinit2.o ABSOLUTE
    ../clib/libinit.s                        0x00000000   Number         0  libshutdown.o ABSOLUTE
    ../clib/libinit.s                        0x00000000   Number         0  libshutdown2.o ABSOLUTE
    ../clib/signal.c                         0x00000000   Number         0  defsig_rtmem_outer.o ABSOLUTE
    ../clib/signal.c                         0x00000000   Number         0  defsig_rtmem_formal.o ABSOLUTE
    ../clib/signal.c                         0x00000000   Number         0  defsig_exit.o ABSOLUTE
    ../clib/signal.c                         0x00000000   Number         0  defsig_rtmem_inner.o ABSOLUTE
    ../clib/signal.c                         0x00000000   Number         0  __raise.o ABSOLUTE
    ../clib/signal.c                         0x00000000   Number         0  defsig_general.o ABSOLUTE
    ../clib/signal.c                         0x00000000   Number         0  defsig_abrt_inner.o ABSOLUTE
    ../clib/signal.c                         0x00000000   Number         0  defsig_fpe_inner.o ABSOLUTE
    ../clib/signal.c                         0x00000000   Number         0  defsig_rtred_inner.o ABSOLUTE
    ../clib/signal.c                         0x00000000   Number         0  defsig_stak_inner.o ABSOLUTE
    ../clib/signal.c                         0x00000000   Number         0  defsig_pvfn_inner.o ABSOLUTE
    ../clib/signal.c                         0x00000000   Number         0  defsig_cppl_inner.o ABSOLUTE
    ../clib/signal.c                         0x00000000   Number         0  defsig_segv_inner.o ABSOLUTE
    ../clib/signal.c                         0x00000000   Number         0  defsig_other.o ABSOLUTE
    ../clib/signal.s                         0x00000000   Number         0  defsig.o ABSOLUTE
    ../clib/stdlib.c                         0x00000000   Number         0  exit.o ABSOLUTE
    ../fplib/fpinit.s                        0x00000000   Number         0  fpinit.o ABSOLUTE
    RTE/Device/GD32F303CC/startup_gd32f30x_hd.s 0x00000000   Number         0  startup_gd32f30x_hd.o ABSOLUTE
    dc.s                                     0x00000000   Number         0  dc.o ABSOLUTE
    gd32f30x_gpio.c                          0x00000000   Number         0  gd32f30x_gpio.o ABSOLUTE
    gd32f30x_misc.c                          0x00000000   Number         0  gd32f30x_misc.o ABSOLUTE
    gd32f30x_pmu.c                           0x00000000   Number         0  gd32f30x_pmu.o ABSOLUTE
    gd32f30x_rcu.c                           0x00000000   Number         0  gd32f30x_rcu.o ABSOLUTE
    gd32f30x_rtc.c                           0x00000000   Number         0  gd32f30x_rtc.o ABSOLUTE
    gd32f30x_timer.c                         0x00000000   Number         0  gd32f30x_timer.o ABSOLUTE
    gd32f30x_usart.c                         0x00000000   Number         0  gd32f30x_usart.o ABSOLUTE
    main.c                                   0x00000000   Number         0  main.o ABSOLUTE
    system_gd32f30x.c                        0x00000000   Number         0  system_gd32f30x.o ABSOLUTE
    systick.c                                0x00000000   Number         0  systick.o ABSOLUTE
    RESET                                    0x08000000   Section      304  startup_gd32f30x_hd.o(RESET)
    !!!main                                  0x08000130   Section        8  __main.o(!!!main)
    !!!scatter                               0x08000138   Section       92  __scatter.o(!!!scatter)
    !!handler_copy                           0x08000194   Section       26  __scatter_copy.o(!!handler_copy)
    !!handler_null                           0x080001b0   Section        2  __scatter.o(!!handler_null)
    !!handler_zi                             0x080001b4   Section       28  __scatter_zi.o(!!handler_zi)
    .ARM.Collect$$libinit$$00000000          0x080001d0   Section        2  libinit.o(.ARM.Collect$$libinit$$00000000)
    .ARM.Collect$$libinit$$00000001          0x080001d2   Section        4  libinit2.o(.ARM.Collect$$libinit$$00000001)
    .ARM.Collect$$libinit$$00000004          0x080001d6   Section        0  libinit2.o(.ARM.Collect$$libinit$$00000004)
    .ARM.Collect$$libinit$$00000006          0x080001d6   Section        0  libinit2.o(.ARM.Collect$$libinit$$00000006)
    .ARM.Collect$$libinit$$0000000C          0x080001d6   Section        0  libinit2.o(.ARM.Collect$$libinit$$0000000C)
    .ARM.Collect$$libinit$$0000000E          0x080001d6   Section        0  libinit2.o(.ARM.Collect$$libinit$$0000000E)
    .ARM.Collect$$libinit$$00000010          0x080001d6   Section        0  libinit2.o(.ARM.Collect$$libinit$$00000010)
    .ARM.Collect$$libinit$$00000013          0x080001d6   Section        0  libinit2.o(.ARM.Collect$$libinit$$00000013)
    .ARM.Collect$$libinit$$00000015          0x080001d6   Section        0  libinit2.o(.ARM.Collect$$libinit$$00000015)
    .ARM.Collect$$libinit$$00000017          0x080001d6   Section        0  libinit2.o(.ARM.Collect$$libinit$$00000017)
    .ARM.Collect$$libinit$$00000019          0x080001d6   Section        0  libinit2.o(.ARM.Collect$$libinit$$00000019)
    .ARM.Collect$$libinit$$0000001B          0x080001d6   Section        0  libinit2.o(.ARM.Collect$$libinit$$0000001B)
    .ARM.Collect$$libinit$$0000001D          0x080001d6   Section        0  libinit2.o(.ARM.Collect$$libinit$$0000001D)
    .ARM.Collect$$libinit$$0000001F          0x080001d6   Section        0  libinit2.o(.ARM.Collect$$libinit$$0000001F)
    .ARM.Collect$$libinit$$00000021          0x080001d6   Section        0  libinit2.o(.ARM.Collect$$libinit$$00000021)
    .ARM.Collect$$libinit$$00000023          0x080001d6   Section        0  libinit2.o(.ARM.Collect$$libinit$$00000023)
    .ARM.Collect$$libinit$$00000025          0x080001d6   Section        0  libinit2.o(.ARM.Collect$$libinit$$00000025)
    .ARM.Collect$$libinit$$00000027          0x080001d6   Section        0  libinit2.o(.ARM.Collect$$libinit$$00000027)
    .ARM.Collect$$libinit$$0000002E          0x080001d6   Section        0  libinit2.o(.ARM.Collect$$libinit$$0000002E)
    .ARM.Collect$$libinit$$00000030          0x080001d6   Section        0  libinit2.o(.ARM.Collect$$libinit$$00000030)
    .ARM.Collect$$libinit$$00000032          0x080001d6   Section        0  libinit2.o(.ARM.Collect$$libinit$$00000032)
    .ARM.Collect$$libinit$$00000034          0x080001d6   Section        0  libinit2.o(.ARM.Collect$$libinit$$00000034)
    .ARM.Collect$$libinit$$00000035          0x080001d6   Section        2  libinit2.o(.ARM.Collect$$libinit$$00000035)
    .ARM.Collect$$libshutdown$$00000000      0x080001d8   Section        2  libshutdown.o(.ARM.Collect$$libshutdown$$00000000)
    .ARM.Collect$$libshutdown$$00000002      0x080001da   Section        0  libshutdown2.o(.ARM.Collect$$libshutdown$$00000002)
    .ARM.Collect$$libshutdown$$00000004      0x080001da   Section        0  libshutdown2.o(.ARM.Collect$$libshutdown$$00000004)
    .ARM.Collect$$libshutdown$$00000007      0x080001da   Section        0  libshutdown2.o(.ARM.Collect$$libshutdown$$00000007)
    .ARM.Collect$$libshutdown$$0000000A      0x080001da   Section        0  libshutdown2.o(.ARM.Collect$$libshutdown$$0000000A)
    .ARM.Collect$$libshutdown$$0000000C      0x080001da   Section        0  libshutdown2.o(.ARM.Collect$$libshutdown$$0000000C)
    .ARM.Collect$$libshutdown$$0000000F      0x080001da   Section        0  libshutdown2.o(.ARM.Collect$$libshutdown$$0000000F)
    .ARM.Collect$$libshutdown$$00000010      0x080001da   Section        2  libshutdown2.o(.ARM.Collect$$libshutdown$$00000010)
    .ARM.Collect$$rtentry$$00000000          0x080001dc   Section        0  __rtentry.o(.ARM.Collect$$rtentry$$00000000)
    .ARM.Collect$$rtentry$$00000002          0x080001dc   Section        0  __rtentry2.o(.ARM.Collect$$rtentry$$00000002)
    .ARM.Collect$$rtentry$$00000004          0x080001dc   Section        6  __rtentry4.o(.ARM.Collect$$rtentry$$00000004)
    .ARM.Collect$$rtentry$$00000009          0x080001e2   Section        0  __rtentry2.o(.ARM.Collect$$rtentry$$00000009)
    .ARM.Collect$$rtentry$$0000000A          0x080001e2   Section        4  __rtentry2.o(.ARM.Collect$$rtentry$$0000000A)
    .ARM.Collect$$rtentry$$0000000C          0x080001e6   Section        0  __rtentry2.o(.ARM.Collect$$rtentry$$0000000C)
    .ARM.Collect$$rtentry$$0000000D          0x080001e6   Section        8  __rtentry2.o(.ARM.Collect$$rtentry$$0000000D)
    .ARM.Collect$$rtexit$$00000000           0x080001ee   Section        2  rtexit.o(.ARM.Collect$$rtexit$$00000000)
    .ARM.Collect$$rtexit$$00000002           0x080001f0   Section        0  rtexit2.o(.ARM.Collect$$rtexit$$00000002)
    .ARM.Collect$$rtexit$$00000003           0x080001f0   Section        4  rtexit2.o(.ARM.Collect$$rtexit$$00000003)
    .ARM.Collect$$rtexit$$00000004           0x080001f4   Section        6  rtexit2.o(.ARM.Collect$$rtexit$$00000004)
    $v0                                      0x080001fc   Number         0  startup_gd32f30x_hd.o(.text)
    .text                                    0x080001fc   Section       64  startup_gd32f30x_hd.o(.text)
    .text                                    0x0800023c   Section        0  heapauxi.o(.text)
    .text                                    0x08000242   Section       74  sys_stackheap_outer.o(.text)
    .text                                    0x0800028c   Section        0  exit.o(.text)
    .text                                    0x080002a0   Section        8  libspace.o(.text)
    .text                                    0x080002a8   Section        0  sys_exit.o(.text)
    .text                                    0x080002b4   Section        2  use_no_semi.o(.text)
    .text                                    0x080002b6   Section        0  indicate_semi.o(.text)
    [Anonymous Symbol]                       0x080002b8   Section        0  main.o(.text.PORT_INIT)
    [Anonymous Symbol]                       0x08000358   Section        0  main.o(.text.Set_Timer0IC_icpolarity_falling)
    [Anonymous Symbol]                       0x08000374   Section        0  main.o(.text.Set_Timer0IC_icpolarity_rising)
    SysTick_Config                           0x08000391   Thumb Code    82  systick.o(.text.SysTick_Config)
    [Anonymous Symbol]                       0x08000390   Section        0  systick.o(.text.SysTick_Config)
    [Anonymous Symbol]                       0x080003e4   Section        0  main.o(.text.SysTick_Handler)
    [Anonymous Symbol]                       0x080003ec   Section        0  system_gd32f30x.o(.text.SystemInit)
    [Anonymous Symbol]                       0x08000490   Section        0  main.o(.text.TIMER0_Channel_IRQHandler)
    [Anonymous Symbol]                       0x080005e4   Section        0  main.o(.text.TIMER0_INIT)
    [Anonymous Symbol]                       0x08000620   Section        0  main.o(.text.Timer0IC_Init)
    __NVIC_SetPriority                       0x08000631   Thumb Code    66  systick.o(.text.__NVIC_SetPriority)
    [Anonymous Symbol]                       0x08000630   Section        0  systick.o(.text.__NVIC_SetPriority)
    [Anonymous Symbol]                       0x08000674   Section        0  systick.o(.text.delay_1ms)
    [Anonymous Symbol]                       0x0800069c   Section        0  systick.o(.text.delay_decrement)
    [Anonymous Symbol]                       0x080006bc   Section        0  gd32f30x_gpio.o(.text.gpio_bit_reset)
    [Anonymous Symbol]                       0x080006cc   Section        0  gd32f30x_gpio.o(.text.gpio_bit_set)
    [Anonymous Symbol]                       0x080006dc   Section        0  gd32f30x_gpio.o(.text.gpio_init)
    [Anonymous Symbol]                       0x08000860   Section        0  gd32f30x_gpio.o(.text.gpio_input_bit_get)
    [Anonymous Symbol]                       0x0800088c   Section        0  main.o(.text.main)
    [Anonymous Symbol]                       0x080008e8   Section        0  gd32f30x_misc.o(.text.nvic_irq_enable)
    [Anonymous Symbol]                       0x08000a10   Section        0  gd32f30x_misc.o(.text.nvic_priority_group_set)
    [Anonymous Symbol]                       0x08000a2c   Section        0  gd32f30x_rcu.o(.text.rcu_apb1_clock_config)
    [Anonymous Symbol]                       0x08000a50   Section        0  gd32f30x_rcu.o(.text.rcu_apb2_clock_config)
    [Anonymous Symbol]                       0x08000a74   Section        0  gd32f30x_rcu.o(.text.rcu_periph_clock_enable)
    system_clock_120m_hxtal                  0x08000a9d   Thumb Code   372  system_gd32f30x.o(.text.system_clock_120m_hxtal)
    [Anonymous Symbol]                       0x08000a9c   Section        0  system_gd32f30x.o(.text.system_clock_120m_hxtal)
    system_clock_config                      0x08000c11   Thumb Code     8  system_gd32f30x.o(.text.system_clock_config)
    [Anonymous Symbol]                       0x08000c10   Section        0  system_gd32f30x.o(.text.system_clock_config)
    [Anonymous Symbol]                       0x08000c18   Section        0  systick.o(.text.systick_config)
    [Anonymous Symbol]                       0x08000c4c   Section        0  gd32f30x_timer.o(.text.timer_auto_reload_shadow_enable)
    [Anonymous Symbol]                       0x08000c60   Section        0  gd32f30x_timer.o(.text.timer_channel_capture_value_register_read)
    [Anonymous Symbol]                       0x08000cac   Section        0  gd32f30x_timer.o(.text.timer_channel_input_capture_prescaler_config)
    [Anonymous Symbol]                       0x08000d38   Section        0  gd32f30x_timer.o(.text.timer_enable)
    [Anonymous Symbol]                       0x08000d4c   Section        0  gd32f30x_timer.o(.text.timer_init)
    [Anonymous Symbol]                       0x08000e50   Section        0  gd32f30x_timer.o(.text.timer_input_capture_config)
    [Anonymous Symbol]                       0x08000ffc   Section        0  gd32f30x_timer.o(.text.timer_interrupt_enable)
    [Anonymous Symbol]                       0x08001010   Section        0  gd32f30x_timer.o(.text.timer_interrupt_flag_clear)
    $v0                                      0x08001022   Number         0  fpinit.o(x$fpl$fpinit)
    x$fpl$fpinit                             0x08001022   Section       26  fpinit.o(x$fpl$fpinit)
    timer0_ch2_paraminit_falling             0x20000004   Data           8  main.o(.data.timer0_ch2_paraminit_falling)
    [Anonymous Symbol]                       0x20000004   Section        0  main.o(.data.timer0_ch2_paraminit_falling)
    timer0_ch2_paraminit_rising              0x2000000c   Data           8  main.o(.data.timer0_ch2_paraminit_rising)
    [Anonymous Symbol]                       0x2000000c   Section        0  main.o(.data.timer0_ch2_paraminit_rising)
    .bss                                     0x20000018   Section       96  libspace.o(.bss)
    delay                                    0x2000007c   Data           4  systick.o(.bss.delay)
    [Anonymous Symbol]                       0x2000007c   Section        0  systick.o(.bss.delay)
    Heap_Mem                                 0x20000098   Data        1024  startup_gd32f30x_hd.o(HEAP)
    HEAP                                     0x20000098   Section     1024  startup_gd32f30x_hd.o(HEAP)
    Stack_Mem                                0x20000498   Data        1024  startup_gd32f30x_hd.o(STACK)
    STACK                                    0x20000498   Section     1024  startup_gd32f30x_hd.o(STACK)
    __initial_sp                             0x20000898   Data           0  startup_gd32f30x_hd.o(STACK)

    Global Symbols

    Symbol Name                              Value     Ov Type        Size  Object(Section)

    BuildAttributes$$THM_ISAv4$E$P$D$K$B$S$7EM$VFPi3$EXTD16$VFPS$VFMA$PE$A:L22UL41UL21$X:L11$S22US41US21$IEEE1$IW$~IW$USESV6$~STKCKD$USESV7$~SHL$OSPACE$ROPI$EBA8$UX$STANDARDLIB$REQ8$PRES8$EABIv2 0x00000000   Number         0  anon$$obj.o ABSOLUTE
    __ARM_exceptions_init                     - Undefined Weak Reference
    __alloca_initialize                       - Undefined Weak Reference
    __arm_preinit_                            - Undefined Weak Reference
    __arm_relocate_pie_                       - Undefined Weak Reference
    __cpp_initialize__aeabi_                  - Undefined Weak Reference
    __cxa_finalize                            - Undefined Weak Reference
    __rt_locale                               - Undefined Weak Reference
    __sigvec_lookup                           - Undefined Weak Reference
    _atexit_init                              - Undefined Weak Reference
    _call_atexit_fns                          - Undefined Weak Reference
    _clock_init                               - Undefined Weak Reference
    _fp_trap_init                             - Undefined Weak Reference
    _fp_trap_shutdown                         - Undefined Weak Reference
    _get_lc_collate                           - Undefined Weak Reference
    _get_lc_ctype                             - Undefined Weak Reference
    _get_lc_monetary                          - Undefined Weak Reference
    _get_lc_numeric                           - Undefined Weak Reference
    _get_lc_time                              - Undefined Weak Reference
    _getenv_init                              - Undefined Weak Reference
    _handle_redirection                       - Undefined Weak Reference
    _init_alloc                               - Undefined Weak Reference
    _init_user_alloc                          - Undefined Weak Reference
    _initio                                   - Undefined Weak Reference
    _rand_init                                - Undefined Weak Reference
    _signal_finish                            - Undefined Weak Reference
    _signal_init                              - Undefined Weak Reference
    _terminate_alloc                          - Undefined Weak Reference
    _terminate_user_alloc                     - Undefined Weak Reference
    _terminateio                              - Undefined Weak Reference
    __Vectors_Size                           0x00000130   Number         0  startup_gd32f30x_hd.o ABSOLUTE
    __Vectors                                0x08000000   Data           4  startup_gd32f30x_hd.o(RESET)
    __Vectors_End                            0x08000130   Data           0  startup_gd32f30x_hd.o(RESET)
    __main                                   0x08000131   Thumb Code     8  __main.o(!!!main)
    __scatterload                            0x08000139   Thumb Code     0  __scatter.o(!!!scatter)
    __scatterload_rt2                        0x08000139   Thumb Code    84  __scatter.o(!!!scatter)
    __scatterload_rt2_thumb_only             0x08000139   Thumb Code     0  __scatter.o(!!!scatter)
    __scatterload_loop                       0x08000143   Thumb Code     0  __scatter.o(!!!scatter)
    __scatterload_copy                       0x08000195   Thumb Code    26  __scatter_copy.o(!!handler_copy)
    __scatterload_null                       0x080001b1   Thumb Code     2  __scatter.o(!!handler_null)
    __scatterload_zeroinit                   0x080001b5   Thumb Code    28  __scatter_zi.o(!!handler_zi)
    __rt_lib_init                            0x080001d1   Thumb Code     0  libinit.o(.ARM.Collect$$libinit$$00000000)
    __rt_lib_init_fp_1                       0x080001d3   Thumb Code     0  libinit2.o(.ARM.Collect$$libinit$$00000001)
    __rt_lib_init_alloca_1                   0x080001d7   Thumb Code     0  libinit2.o(.ARM.Collect$$libinit$$00000030)
    __rt_lib_init_argv_1                     0x080001d7   Thumb Code     0  libinit2.o(.ARM.Collect$$libinit$$0000002E)
    __rt_lib_init_atexit_1                   0x080001d7   Thumb Code     0  libinit2.o(.ARM.Collect$$libinit$$0000001D)
    __rt_lib_init_clock_1                    0x080001d7   Thumb Code     0  libinit2.o(.ARM.Collect$$libinit$$00000023)
    __rt_lib_init_cpp_1                      0x080001d7   Thumb Code     0  libinit2.o(.ARM.Collect$$libinit$$00000034)
    __rt_lib_init_exceptions_1               0x080001d7   Thumb Code     0  libinit2.o(.ARM.Collect$$libinit$$00000032)
    __rt_lib_init_fp_trap_1                  0x080001d7   Thumb Code     0  libinit2.o(.ARM.Collect$$libinit$$00000021)
    __rt_lib_init_getenv_1                   0x080001d7   Thumb Code     0  libinit2.o(.ARM.Collect$$libinit$$00000025)
    __rt_lib_init_heap_1                     0x080001d7   Thumb Code     0  libinit2.o(.ARM.Collect$$libinit$$0000000C)
    __rt_lib_init_lc_collate_1               0x080001d7   Thumb Code     0  libinit2.o(.ARM.Collect$$libinit$$00000013)
    __rt_lib_init_lc_ctype_1                 0x080001d7   Thumb Code     0  libinit2.o(.ARM.Collect$$libinit$$00000015)
    __rt_lib_init_lc_monetary_1              0x080001d7   Thumb Code     0  libinit2.o(.ARM.Collect$$libinit$$00000017)
    __rt_lib_init_lc_numeric_1               0x080001d7   Thumb Code     0  libinit2.o(.ARM.Collect$$libinit$$00000019)
    __rt_lib_init_lc_time_1                  0x080001d7   Thumb Code     0  libinit2.o(.ARM.Collect$$libinit$$0000001B)
    __rt_lib_init_preinit_1                  0x080001d7   Thumb Code     0  libinit2.o(.ARM.Collect$$libinit$$00000006)
    __rt_lib_init_rand_1                     0x080001d7   Thumb Code     0  libinit2.o(.ARM.Collect$$libinit$$00000010)
    __rt_lib_init_relocate_pie_1             0x080001d7   Thumb Code     0  libinit2.o(.ARM.Collect$$libinit$$00000004)
    __rt_lib_init_return                     0x080001d7   Thumb Code     0  libinit2.o(.ARM.Collect$$libinit$$00000035)
    __rt_lib_init_signal_1                   0x080001d7   Thumb Code     0  libinit2.o(.ARM.Collect$$libinit$$0000001F)
    __rt_lib_init_stdio_1                    0x080001d7   Thumb Code     0  libinit2.o(.ARM.Collect$$libinit$$00000027)
    __rt_lib_init_user_alloc_1               0x080001d7   Thumb Code     0  libinit2.o(.ARM.Collect$$libinit$$0000000E)
    __rt_lib_shutdown                        0x080001d9   Thumb Code     0  libshutdown.o(.ARM.Collect$$libshutdown$$00000000)
    __rt_lib_shutdown_cpp_1                  0x080001db   Thumb Code     0  libshutdown2.o(.ARM.Collect$$libshutdown$$00000002)
    __rt_lib_shutdown_fp_trap_1              0x080001db   Thumb Code     0  libshutdown2.o(.ARM.Collect$$libshutdown$$00000007)
    __rt_lib_shutdown_heap_1                 0x080001db   Thumb Code     0  libshutdown2.o(.ARM.Collect$$libshutdown$$0000000F)
    __rt_lib_shutdown_return                 0x080001db   Thumb Code     0  libshutdown2.o(.ARM.Collect$$libshutdown$$00000010)
    __rt_lib_shutdown_signal_1               0x080001db   Thumb Code     0  libshutdown2.o(.ARM.Collect$$libshutdown$$0000000A)
    __rt_lib_shutdown_stdio_1                0x080001db   Thumb Code     0  libshutdown2.o(.ARM.Collect$$libshutdown$$00000004)
    __rt_lib_shutdown_user_alloc_1           0x080001db   Thumb Code     0  libshutdown2.o(.ARM.Collect$$libshutdown$$0000000C)
    __rt_entry                               0x080001dd   Thumb Code     0  __rtentry.o(.ARM.Collect$$rtentry$$00000000)
    __rt_entry_presh_1                       0x080001dd   Thumb Code     0  __rtentry2.o(.ARM.Collect$$rtentry$$00000002)
    __rt_entry_sh                            0x080001dd   Thumb Code     0  __rtentry4.o(.ARM.Collect$$rtentry$$00000004)
    __rt_entry_li                            0x080001e3   Thumb Code     0  __rtentry2.o(.ARM.Collect$$rtentry$$0000000A)
    __rt_entry_postsh_1                      0x080001e3   Thumb Code     0  __rtentry2.o(.ARM.Collect$$rtentry$$00000009)
    __rt_entry_main                          0x080001e7   Thumb Code     0  __rtentry2.o(.ARM.Collect$$rtentry$$0000000D)
    __rt_entry_postli_1                      0x080001e7   Thumb Code     0  __rtentry2.o(.ARM.Collect$$rtentry$$0000000C)
    __rt_exit                                0x080001ef   Thumb Code     0  rtexit.o(.ARM.Collect$$rtexit$$00000000)
    __rt_exit_ls                             0x080001f1   Thumb Code     0  rtexit2.o(.ARM.Collect$$rtexit$$00000003)
    __rt_exit_prels_1                        0x080001f1   Thumb Code     0  rtexit2.o(.ARM.Collect$$rtexit$$00000002)
    __rt_exit_exit                           0x080001f5   Thumb Code     0  rtexit2.o(.ARM.Collect$$rtexit$$00000004)
    Reset_Handler                            0x080001fd   Thumb Code     8  startup_gd32f30x_hd.o(.text)
    NMI_Handler                              0x08000205   Thumb Code     2  startup_gd32f30x_hd.o(.text)
    HardFault_Handler                        0x08000207   Thumb Code     2  startup_gd32f30x_hd.o(.text)
    MemManage_Handler                        0x08000209   Thumb Code     2  startup_gd32f30x_hd.o(.text)
    BusFault_Handler                         0x0800020b   Thumb Code     2  startup_gd32f30x_hd.o(.text)
    UsageFault_Handler                       0x0800020d   Thumb Code     2  startup_gd32f30x_hd.o(.text)
    SVC_Handler                              0x0800020f   Thumb Code     2  startup_gd32f30x_hd.o(.text)
    DebugMon_Handler                         0x08000211   Thumb Code     2  startup_gd32f30x_hd.o(.text)
    PendSV_Handler                           0x08000213   Thumb Code     2  startup_gd32f30x_hd.o(.text)
    ADC0_1_IRQHandler                        0x08000217   Thumb Code     0  startup_gd32f30x_hd.o(.text)
    ADC2_IRQHandler                          0x08000217   Thumb Code     0  startup_gd32f30x_hd.o(.text)
    CAN0_EWMC_IRQHandler                     0x08000217   Thumb Code     0  startup_gd32f30x_hd.o(.text)
    CAN0_RX1_IRQHandler                      0x08000217   Thumb Code     0  startup_gd32f30x_hd.o(.text)
    DMA0_Channel0_IRQHandler                 0x08000217   Thumb Code     0  startup_gd32f30x_hd.o(.text)
    DMA0_Channel1_IRQHandler                 0x08000217   Thumb Code     0  startup_gd32f30x_hd.o(.text)
    DMA0_Channel2_IRQHandler                 0x08000217   Thumb Code     0  startup_gd32f30x_hd.o(.text)
    DMA0_Channel3_IRQHandler                 0x08000217   Thumb Code     0  startup_gd32f30x_hd.o(.text)
    DMA0_Channel4_IRQHandler                 0x08000217   Thumb Code     0  startup_gd32f30x_hd.o(.text)
    DMA0_Channel5_IRQHandler                 0x08000217   Thumb Code     0  startup_gd32f30x_hd.o(.text)
    DMA0_Channel6_IRQHandler                 0x08000217   Thumb Code     0  startup_gd32f30x_hd.o(.text)
    DMA1_Channel0_IRQHandler                 0x08000217   Thumb Code     0  startup_gd32f30x_hd.o(.text)
    DMA1_Channel1_IRQHandler                 0x08000217   Thumb Code     0  startup_gd32f30x_hd.o(.text)
    DMA1_Channel2_IRQHandler                 0x08000217   Thumb Code     0  startup_gd32f30x_hd.o(.text)
    DMA1_Channel3_4_IRQHandler               0x08000217   Thumb Code     0  startup_gd32f30x_hd.o(.text)
    EXMC_IRQHandler                          0x08000217   Thumb Code     0  startup_gd32f30x_hd.o(.text)
    EXTI0_IRQHandler                         0x08000217   Thumb Code     0  startup_gd32f30x_hd.o(.text)
    EXTI10_15_IRQHandler                     0x08000217   Thumb Code     0  startup_gd32f30x_hd.o(.text)
    EXTI1_IRQHandler                         0x08000217   Thumb Code     0  startup_gd32f30x_hd.o(.text)
    EXTI2_IRQHandler                         0x08000217   Thumb Code     0  startup_gd32f30x_hd.o(.text)
    EXTI3_IRQHandler                         0x08000217   Thumb Code     0  startup_gd32f30x_hd.o(.text)
    EXTI4_IRQHandler                         0x08000217   Thumb Code     0  startup_gd32f30x_hd.o(.text)
    EXTI5_9_IRQHandler                       0x08000217   Thumb Code     0  startup_gd32f30x_hd.o(.text)
    FMC_IRQHandler                           0x08000217   Thumb Code     0  startup_gd32f30x_hd.o(.text)
    I2C0_ER_IRQHandler                       0x08000217   Thumb Code     0  startup_gd32f30x_hd.o(.text)
    I2C0_EV_IRQHandler                       0x08000217   Thumb Code     0  startup_gd32f30x_hd.o(.text)
    I2C1_ER_IRQHandler                       0x08000217   Thumb Code     0  startup_gd32f30x_hd.o(.text)
    I2C1_EV_IRQHandler                       0x08000217   Thumb Code     0  startup_gd32f30x_hd.o(.text)
    LVD_IRQHandler                           0x08000217   Thumb Code     0  startup_gd32f30x_hd.o(.text)
    RCU_CTC_IRQHandler                       0x08000217   Thumb Code     0  startup_gd32f30x_hd.o(.text)
    RTC_Alarm_IRQHandler                     0x08000217   Thumb Code     0  startup_gd32f30x_hd.o(.text)
    RTC_IRQHandler                           0x08000217   Thumb Code     0  startup_gd32f30x_hd.o(.text)
    SDIO_IRQHandler                          0x08000217   Thumb Code     0  startup_gd32f30x_hd.o(.text)
    SPI0_IRQHandler                          0x08000217   Thumb Code     0  startup_gd32f30x_hd.o(.text)
    SPI1_IRQHandler                          0x08000217   Thumb Code     0  startup_gd32f30x_hd.o(.text)
    SPI2_IRQHandler                          0x08000217   Thumb Code     0  startup_gd32f30x_hd.o(.text)
    TAMPER_IRQHandler                        0x08000217   Thumb Code     0  startup_gd32f30x_hd.o(.text)
    TIMER0_BRK_IRQHandler                    0x08000217   Thumb Code     0  startup_gd32f30x_hd.o(.text)
    TIMER0_TRG_CMT_IRQHandler                0x08000217   Thumb Code     0  startup_gd32f30x_hd.o(.text)
    TIMER0_UP_IRQHandler                     0x08000217   Thumb Code     0  startup_gd32f30x_hd.o(.text)
    TIMER1_IRQHandler                        0x08000217   Thumb Code     0  startup_gd32f30x_hd.o(.text)
    TIMER2_IRQHandler                        0x08000217   Thumb Code     0  startup_gd32f30x_hd.o(.text)
    TIMER3_IRQHandler                        0x08000217   Thumb Code     0  startup_gd32f30x_hd.o(.text)
    TIMER4_IRQHandler                        0x08000217   Thumb Code     0  startup_gd32f30x_hd.o(.text)
    TIMER5_IRQHandler                        0x08000217   Thumb Code     0  startup_gd32f30x_hd.o(.text)
    TIMER6_IRQHandler                        0x08000217   Thumb Code     0  startup_gd32f30x_hd.o(.text)
    TIMER7_BRK_IRQHandler                    0x08000217   Thumb Code     0  startup_gd32f30x_hd.o(.text)
    TIMER7_Channel_IRQHandler                0x08000217   Thumb Code     0  startup_gd32f30x_hd.o(.text)
    TIMER7_TRG_CMT_IRQHandler                0x08000217   Thumb Code     0  startup_gd32f30x_hd.o(.text)
    TIMER7_UP_IRQHandler                     0x08000217   Thumb Code     0  startup_gd32f30x_hd.o(.text)
    UART3_IRQHandler                         0x08000217   Thumb Code     0  startup_gd32f30x_hd.o(.text)
    UART4_IRQHandler                         0x08000217   Thumb Code     0  startup_gd32f30x_hd.o(.text)
    USART0_IRQHandler                        0x08000217   Thumb Code     0  startup_gd32f30x_hd.o(.text)
    USART1_IRQHandler                        0x08000217   Thumb Code     0  startup_gd32f30x_hd.o(.text)
    USART2_IRQHandler                        0x08000217   Thumb Code     0  startup_gd32f30x_hd.o(.text)
    USBD_HP_CAN0_TX_IRQHandler               0x08000217   Thumb Code     0  startup_gd32f30x_hd.o(.text)
    USBD_LP_CAN0_RX0_IRQHandler              0x08000217   Thumb Code     0  startup_gd32f30x_hd.o(.text)
    USBD_WKUP_IRQHandler                     0x08000217   Thumb Code     0  startup_gd32f30x_hd.o(.text)
    WWDGT_IRQHandler                         0x08000217   Thumb Code     0  startup_gd32f30x_hd.o(.text)
    __user_initial_stackheap                 0x08000219   Thumb Code    10  startup_gd32f30x_hd.o(.text)
    __use_two_region_memory                  0x0800023d   Thumb Code     2  heapauxi.o(.text)
    __rt_heap_escrow$2region                 0x0800023f   Thumb Code     2  heapauxi.o(.text)
    __rt_heap_expand$2region                 0x08000241   Thumb Code     2  heapauxi.o(.text)
    __user_setup_stackheap                   0x08000243   Thumb Code    74  sys_stackheap_outer.o(.text)
    exit                                     0x0800028d   Thumb Code    18  exit.o(.text)
    __user_libspace                          0x080002a1   Thumb Code     8  libspace.o(.text)
    __user_perproc_libspace                  0x080002a1   Thumb Code     0  libspace.o(.text)
    __user_perthread_libspace                0x080002a1   Thumb Code     0  libspace.o(.text)
    _sys_exit                                0x080002a9   Thumb Code     8  sys_exit.o(.text)
    __I$use$semihosting                      0x080002b5   Thumb Code     0  use_no_semi.o(.text)
    __use_no_semihosting_swi                 0x080002b5   Thumb Code     2  use_no_semi.o(.text)
    __semihosting_library_function           0x080002b7   Thumb Code     0  indicate_semi.o(.text)
    PORT_INIT                                0x080002b9   Thumb Code   160  main.o(.text.PORT_INIT)
    Set_Timer0IC_icpolarity_falling          0x08000359   Thumb Code    26  main.o(.text.Set_Timer0IC_icpolarity_falling)
    Set_Timer0IC_icpolarity_rising           0x08000375   Thumb Code    26  main.o(.text.Set_Timer0IC_icpolarity_rising)
    SysTick_Handler                          0x080003e5   Thumb Code     8  main.o(.text.SysTick_Handler)
    SystemInit                               0x080003ed   Thumb Code   162  system_gd32f30x.o(.text.SystemInit)
    TIMER0_Channel_IRQHandler                0x08000491   Thumb Code   340  main.o(.text.TIMER0_Channel_IRQHandler)
    TIMER0_INIT                              0x080005e5   Thumb Code    60  main.o(.text.TIMER0_INIT)
    Timer0IC_Init                            0x08000621   Thumb Code    16  main.o(.text.Timer0IC_Init)
    delay_1ms                                0x08000675   Thumb Code    38  systick.o(.text.delay_1ms)
    delay_decrement                          0x0800069d   Thumb Code    32  systick.o(.text.delay_decrement)
    gpio_bit_reset                           0x080006bd   Thumb Code    16  gd32f30x_gpio.o(.text.gpio_bit_reset)
    gpio_bit_set                             0x080006cd   Thumb Code    16  gd32f30x_gpio.o(.text.gpio_bit_set)
    gpio_init                                0x080006dd   Thumb Code   388  gd32f30x_gpio.o(.text.gpio_init)
    gpio_input_bit_get                       0x08000861   Thumb Code    42  gd32f30x_gpio.o(.text.gpio_input_bit_get)
    main                                     0x0800088d   Thumb Code    90  main.o(.text.main)
    nvic_irq_enable                          0x080008e9   Thumb Code   296  gd32f30x_misc.o(.text.nvic_irq_enable)
    nvic_priority_group_set                  0x08000a11   Thumb Code    28  gd32f30x_misc.o(.text.nvic_priority_group_set)
    rcu_apb1_clock_config                    0x08000a2d   Thumb Code    36  gd32f30x_rcu.o(.text.rcu_apb1_clock_config)
    rcu_apb2_clock_config                    0x08000a51   Thumb Code    36  gd32f30x_rcu.o(.text.rcu_apb2_clock_config)
    rcu_periph_clock_enable                  0x08000a75   Thumb Code    40  gd32f30x_rcu.o(.text.rcu_periph_clock_enable)
    systick_config                           0x08000c19   Thumb Code    50  systick.o(.text.systick_config)
    timer_auto_reload_shadow_enable          0x08000c4d   Thumb Code    18  gd32f30x_timer.o(.text.timer_auto_reload_shadow_enable)
    timer_channel_capture_value_register_read 0x08000c61   Thumb Code    74  gd32f30x_timer.o(.text.timer_channel_capture_value_register_read)
    timer_channel_input_capture_prescaler_config 0x08000cad   Thumb Code   140  gd32f30x_timer.o(.text.timer_channel_input_capture_prescaler_config)
    timer_enable                             0x08000d39   Thumb Code    18  gd32f30x_timer.o(.text.timer_enable)
    timer_init                               0x08000d4d   Thumb Code   260  gd32f30x_timer.o(.text.timer_init)
    timer_input_capture_config               0x08000e51   Thumb Code   426  gd32f30x_timer.o(.text.timer_input_capture_config)
    timer_interrupt_enable                   0x08000ffd   Thumb Code    20  gd32f30x_timer.o(.text.timer_interrupt_enable)
    timer_interrupt_flag_clear               0x08001011   Thumb Code    18  gd32f30x_timer.o(.text.timer_interrupt_flag_clear)
    _fp_init                                 0x08001023   Thumb Code    26  fpinit.o(x$fpl$fpinit)
    __fplib_config_fpu_vfp                   0x0800103b   Thumb Code     0  fpinit.o(x$fpl$fpinit)
    __fplib_config_pureend_doubles           0x0800103b   Thumb Code     0  fpinit.o(x$fpl$fpinit)
    Region$$Table$$Base                      0x0800103c   Number         0  anon$$obj.o(Region$$Table)
    Region$$Table$$Limit                     0x0800105c   Number         0  anon$$obj.o(Region$$Table)
    SystemCoreClock                          0x20000000   Data           4  system_gd32f30x.o(.data.SystemCoreClock)
    __libspace_start                         0x20000018   Data          96  libspace.o(.bss)
    __temporary_stack_top$libspace           0x20000078   Data           0  libspace.o(.bss)
    cur_temperature                          0x20000078   Data           4  main.o(.bss.cur_temperature)
    diff_down                                0x20000080   Data           4  main.o(.bss.diff_down)
    diff_up                                  0x20000084   Data           4  main.o(.bss.diff_up)
    is_exist_down_data                       0x20000088   Data           4  main.o(.bss.is_exist_down_data)
    is_exist_up_data                         0x2000008c   Data           4  main.o(.bss.is_exist_up_data)
    last                                     0x20000090   Data           4  main.o(.bss.last)



==============================================================================

Memory Map of the image

  Image Entry point : 0x08000131

  Load Region LR_IROM1 (Base: 0x08000000, Size: 0x00001078, Max: 0x00040000, ABSOLUTE)

    Execution Region ER_IROM1 (Exec base: 0x08000000, Load base: 0x08000000, Size: 0x0000105c, Max: 0x00040000, ABSOLUTE)

    Exec Addr    Load Addr    Size         Type   Attr      Idx    E Section Name        Object

    0x08000000   0x08000000   0x00000130   Data   RO          545    RESET               startup_gd32f30x_hd.o
    0x08000130   0x08000130   0x00000008   Code   RO          573  * !!!main             c_w.l(__main.o)
    0x08000138   0x08000138   0x0000005c   Code   RO          738    !!!scatter          c_w.l(__scatter.o)
    0x08000194   0x08000194   0x0000001a   Code   RO          742    !!handler_copy      c_w.l(__scatter_copy.o)
    0x080001ae   0x080001ae   0x00000002   PAD
    0x080001b0   0x080001b0   0x00000002   Code   RO          739    !!handler_null      c_w.l(__scatter.o)
    0x080001b2   0x080001b2   0x00000002   PAD
    0x080001b4   0x080001b4   0x0000001c   Code   RO          744    !!handler_zi        c_w.l(__scatter_zi.o)
    0x080001d0   0x080001d0   0x00000002   Code   RO          600    .ARM.Collect$$libinit$$00000000  c_w.l(libinit.o)
    0x080001d2   0x080001d2   0x00000004   Code   RO          606    .ARM.Collect$$libinit$$00000001  c_w.l(libinit2.o)
    0x080001d6   0x080001d6   0x00000000   Code   RO          609    .ARM.Collect$$libinit$$00000004  c_w.l(libinit2.o)
    0x080001d6   0x080001d6   0x00000000   Code   RO          611    .ARM.Collect$$libinit$$00000006  c_w.l(libinit2.o)
    0x080001d6   0x080001d6   0x00000000   Code   RO          614    .ARM.Collect$$libinit$$0000000C  c_w.l(libinit2.o)
    0x080001d6   0x080001d6   0x00000000   Code   RO          616    .ARM.Collect$$libinit$$0000000E  c_w.l(libinit2.o)
    0x080001d6   0x080001d6   0x00000000   Code   RO          618    .ARM.Collect$$libinit$$00000010  c_w.l(libinit2.o)
    0x080001d6   0x080001d6   0x00000000   Code   RO          621    .ARM.Collect$$libinit$$00000013  c_w.l(libinit2.o)
    0x080001d6   0x080001d6   0x00000000   Code   RO          623    .ARM.Collect$$libinit$$00000015  c_w.l(libinit2.o)
    0x080001d6   0x080001d6   0x00000000   Code   RO          625    .ARM.Collect$$libinit$$00000017  c_w.l(libinit2.o)
    0x080001d6   0x080001d6   0x00000000   Code   RO          627    .ARM.Collect$$libinit$$00000019  c_w.l(libinit2.o)
    0x080001d6   0x080001d6   0x00000000   Code   RO          629    .ARM.Collect$$libinit$$0000001B  c_w.l(libinit2.o)
    0x080001d6   0x080001d6   0x00000000   Code   RO          631    .ARM.Collect$$libinit$$0000001D  c_w.l(libinit2.o)
    0x080001d6   0x080001d6   0x00000000   Code   RO          633    .ARM.Collect$$libinit$$0000001F  c_w.l(libinit2.o)
    0x080001d6   0x080001d6   0x00000000   Code   RO          635    .ARM.Collect$$libinit$$00000021  c_w.l(libinit2.o)
    0x080001d6   0x080001d6   0x00000000   Code   RO          637    .ARM.Collect$$libinit$$00000023  c_w.l(libinit2.o)
    0x080001d6   0x080001d6   0x00000000   Code   RO          639    .ARM.Collect$$libinit$$00000025  c_w.l(libinit2.o)
    0x080001d6   0x080001d6   0x00000000   Code   RO          641    .ARM.Collect$$libinit$$00000027  c_w.l(libinit2.o)
    0x080001d6   0x080001d6   0x00000000   Code   RO          645    .ARM.Collect$$libinit$$0000002E  c_w.l(libinit2.o)
    0x080001d6   0x080001d6   0x00000000   Code   RO          647    .ARM.Collect$$libinit$$00000030  c_w.l(libinit2.o)
    0x080001d6   0x080001d6   0x00000000   Code   RO          649    .ARM.Collect$$libinit$$00000032  c_w.l(libinit2.o)
    0x080001d6   0x080001d6   0x00000000   Code   RO          651    .ARM.Collect$$libinit$$00000034  c_w.l(libinit2.o)
    0x080001d6   0x080001d6   0x00000002   Code   RO          652    .ARM.Collect$$libinit$$00000035  c_w.l(libinit2.o)
    0x080001d8   0x080001d8   0x00000002   Code   RO          674    .ARM.Collect$$libshutdown$$00000000  c_w.l(libshutdown.o)
    0x080001da   0x080001da   0x00000000   Code   RO          689    .ARM.Collect$$libshutdown$$00000002  c_w.l(libshutdown2.o)
    0x080001da   0x080001da   0x00000000   Code   RO          691    .ARM.Collect$$libshutdown$$00000004  c_w.l(libshutdown2.o)
    0x080001da   0x080001da   0x00000000   Code   RO          694    .ARM.Collect$$libshutdown$$00000007  c_w.l(libshutdown2.o)
    0x080001da   0x080001da   0x00000000   Code   RO          697    .ARM.Collect$$libshutdown$$0000000A  c_w.l(libshutdown2.o)
    0x080001da   0x080001da   0x00000000   Code   RO          699    .ARM.Collect$$libshutdown$$0000000C  c_w.l(libshutdown2.o)
    0x080001da   0x080001da   0x00000000   Code   RO          702    .ARM.Collect$$libshutdown$$0000000F  c_w.l(libshutdown2.o)
    0x080001da   0x080001da   0x00000002   Code   RO          703    .ARM.Collect$$libshutdown$$00000010  c_w.l(libshutdown2.o)
    0x080001dc   0x080001dc   0x00000000   Code   RO          575    .ARM.Collect$$rtentry$$00000000  c_w.l(__rtentry.o)
    0x080001dc   0x080001dc   0x00000000   Code   RO          577    .ARM.Collect$$rtentry$$00000002  c_w.l(__rtentry2.o)
    0x080001dc   0x080001dc   0x00000006   Code   RO          589    .ARM.Collect$$rtentry$$00000004  c_w.l(__rtentry4.o)
    0x080001e2   0x080001e2   0x00000000   Code   RO          579    .ARM.Collect$$rtentry$$00000009  c_w.l(__rtentry2.o)
    0x080001e2   0x080001e2   0x00000004   Code   RO          580    .ARM.Collect$$rtentry$$0000000A  c_w.l(__rtentry2.o)
    0x080001e6   0x080001e6   0x00000000   Code   RO          582    .ARM.Collect$$rtentry$$0000000C  c_w.l(__rtentry2.o)
    0x080001e6   0x080001e6   0x00000008   Code   RO          583    .ARM.Collect$$rtentry$$0000000D  c_w.l(__rtentry2.o)
    0x080001ee   0x080001ee   0x00000002   Code   RO          604    .ARM.Collect$$rtexit$$00000000  c_w.l(rtexit.o)
    0x080001f0   0x080001f0   0x00000000   Code   RO          654    .ARM.Collect$$rtexit$$00000002  c_w.l(rtexit2.o)
    0x080001f0   0x080001f0   0x00000004   Code   RO          655    .ARM.Collect$$rtexit$$00000003  c_w.l(rtexit2.o)
    0x080001f4   0x080001f4   0x00000006   Code   RO          656    .ARM.Collect$$rtexit$$00000004  c_w.l(rtexit2.o)
    0x080001fa   0x080001fa   0x00000002   PAD
    0x080001fc   0x080001fc   0x00000040   Code   RO          546    .text               startup_gd32f30x_hd.o
    0x0800023c   0x0800023c   0x00000006   Code   RO          571    .text               c_w.l(heapauxi.o)
    0x08000242   0x08000242   0x0000004a   Code   RO          591    .text               c_w.l(sys_stackheap_outer.o)
    0x0800028c   0x0800028c   0x00000012   Code   RO          593    .text               c_w.l(exit.o)
    0x0800029e   0x0800029e   0x00000002   PAD
    0x080002a0   0x080002a0   0x00000008   Code   RO          601    .text               c_w.l(libspace.o)
    0x080002a8   0x080002a8   0x0000000c   Code   RO          664    .text               c_w.l(sys_exit.o)
    0x080002b4   0x080002b4   0x00000002   Code   RO          679    .text               c_w.l(use_no_semi.o)
    0x080002b6   0x080002b6   0x00000000   Code   RO          681    .text               c_w.l(indicate_semi.o)
    0x080002b6   0x080002b6   0x00000002   PAD
    0x080002b8   0x080002b8   0x000000a0   Code   RO            2    .text.PORT_INIT     main.o
    0x08000358   0x08000358   0x0000001a   Code   RO            8    .text.Set_Timer0IC_icpolarity_falling  main.o
    0x08000372   0x08000372   0x00000002   PAD
    0x08000374   0x08000374   0x0000001a   Code   RO            6    .text.Set_Timer0IC_icpolarity_rising  main.o
    0x0800038e   0x0800038e   0x00000002   PAD
    0x08000390   0x08000390   0x00000052   Code   RO           38    .text.SysTick_Config  systick.o
    0x080003e2   0x080003e2   0x00000002   PAD
    0x080003e4   0x080003e4   0x00000008   Code   RO           16    .text.SysTick_Handler  main.o
    0x080003ec   0x080003ec   0x000000a2   Code   RO          553    .text.SystemInit    system_gd32f30x.o
    0x0800048e   0x0800048e   0x00000002   PAD
    0x08000490   0x08000490   0x00000154   Code   RO           12    .text.TIMER0_Channel_IRQHandler  main.o
    0x080005e4   0x080005e4   0x0000003c   Code   RO            4    .text.TIMER0_INIT   main.o
    0x08000620   0x08000620   0x00000010   Code   RO           10    .text.Timer0IC_Init  main.o
    0x08000630   0x08000630   0x00000042   Code   RO           40    .text.__NVIC_SetPriority  systick.o
    0x08000672   0x08000672   0x00000002   PAD
    0x08000674   0x08000674   0x00000026   Code   RO           42    .text.delay_1ms     systick.o
    0x0800069a   0x0800069a   0x00000002   PAD
    0x0800069c   0x0800069c   0x00000020   Code   RO           44    .text.delay_decrement  systick.o
    0x080006bc   0x080006bc   0x00000010   Code   RO           62    .text.gpio_bit_reset  gd32f30x_gpio.o
    0x080006cc   0x080006cc   0x00000010   Code   RO           60    .text.gpio_bit_set  gd32f30x_gpio.o
    0x080006dc   0x080006dc   0x00000184   Code   RO           58    .text.gpio_init     gd32f30x_gpio.o
    0x08000860   0x08000860   0x0000002a   Code   RO           68    .text.gpio_input_bit_get  gd32f30x_gpio.o
    0x0800088a   0x0800088a   0x00000002   PAD
    0x0800088c   0x0800088c   0x0000005a   Code   RO           14    .text.main          main.o
    0x080008e6   0x080008e6   0x00000002   PAD
    0x080008e8   0x080008e8   0x00000128   Code   RO          101    .text.nvic_irq_enable  gd32f30x_misc.o
    0x08000a10   0x08000a10   0x0000001c   Code   RO           99    .text.nvic_priority_group_set  gd32f30x_misc.o
    0x08000a2c   0x08000a2c   0x00000024   Code   RO          194    .text.rcu_apb1_clock_config  gd32f30x_rcu.o
    0x08000a50   0x08000a50   0x00000024   Code   RO          196    .text.rcu_apb2_clock_config  gd32f30x_rcu.o
    0x08000a74   0x08000a74   0x00000028   Code   RO          172    .text.rcu_periph_clock_enable  gd32f30x_rcu.o
    0x08000a9c   0x08000a9c   0x00000174   Code   RO          559    .text.system_clock_120m_hxtal  system_gd32f30x.o
    0x08000c10   0x08000c10   0x00000008   Code   RO          555    .text.system_clock_config  system_gd32f30x.o
    0x08000c18   0x08000c18   0x00000032   Code   RO           36    .text.systick_config  systick.o
    0x08000c4a   0x08000c4a   0x00000002   PAD
    0x08000c4c   0x08000c4c   0x00000012   Code   RO          298    .text.timer_auto_reload_shadow_enable  gd32f30x_timer.o
    0x08000c5e   0x08000c5e   0x00000002   PAD
    0x08000c60   0x08000c60   0x0000004a   Code   RO          396    .text.timer_channel_capture_value_register_read  gd32f30x_timer.o
    0x08000caa   0x08000caa   0x00000002   PAD
    0x08000cac   0x08000cac   0x0000008c   Code   RO          394    .text.timer_channel_input_capture_prescaler_config  gd32f30x_timer.o
    0x08000d38   0x08000d38   0x00000012   Code   RO          294    .text.timer_enable  gd32f30x_timer.o
    0x08000d4a   0x08000d4a   0x00000002   PAD
    0x08000d4c   0x08000d4c   0x00000104   Code   RO          292    .text.timer_init    gd32f30x_timer.o
    0x08000e50   0x08000e50   0x000001aa   Code   RO          392    .text.timer_input_capture_config  gd32f30x_timer.o
    0x08000ffa   0x08000ffa   0x00000002   PAD
    0x08000ffc   0x08000ffc   0x00000014   Code   RO          328    .text.timer_interrupt_enable  gd32f30x_timer.o
    0x08001010   0x08001010   0x00000012   Code   RO          334    .text.timer_interrupt_flag_clear  gd32f30x_timer.o
    0x08001022   0x08001022   0x0000001a   Code   RO          662    x$fpl$fpinit        fz_wm.l(fpinit.o)
    0x0800103c   0x0800103c   0x00000020   Data   RO          737    Region$$Table       anon$$obj.o


    Execution Region RW_IRAM1 (Exec base: 0x20000000, Load base: 0x08001060, Size: 0x00000898, Max: 0x0000c000, ABSOLUTE)

    Exec Addr    Load Addr    Size         Type   Attr      Idx    E Section Name        Object

    0x20000000   0x08001060   0x00000004   Data   RW          561    .data.SystemCoreClock  system_gd32f30x.o
    0x20000004   0x08001064   0x00000008   Data   RW           19    .data.timer0_ch2_paraminit_falling  main.o
    0x2000000c   0x0800106c   0x00000008   Data   RW           18    .data.timer0_ch2_paraminit_rising  main.o
    0x20000014   0x08001074   0x00000004   PAD
    0x20000018        -       0x00000060   Zero   RW          602    .bss                c_w.l(libspace.o)
    0x20000078        -       0x00000004   Zero   RW           27    .bss.cur_temperature  main.o
    0x2000007c        -       0x00000004   Zero   RW           46    .bss.delay          systick.o
    0x20000080        -       0x00000004   Zero   RW           22    .bss.diff_down      main.o
    0x20000084        -       0x00000004   Zero   RW           21    .bss.diff_up        main.o
    0x20000088        -       0x00000004   Zero   RW           26    .bss.is_exist_down_data  main.o
    0x2000008c        -       0x00000004   Zero   RW           25    .bss.is_exist_up_data  main.o
    0x20000090        -       0x00000004   Zero   RW           20    .bss.last           main.o
    0x20000094   0x08001074   0x00000004   PAD
    0x20000098        -       0x00000400   Zero   RW          544    HEAP                startup_gd32f30x_hd.o
    0x20000498        -       0x00000400   Zero   RW          543    STACK               startup_gd32f30x_hd.o


==============================================================================

Image component sizes


      Code (inc. data)   RO Data    RW Data    ZI Data      Debug   Object Name

       462          0          0          0          0       5420   gd32f30x_gpio.o
       324          0          0          0          0       3008   gd32f30x_misc.o
       112          0          0          0          0      10813   gd32f30x_rcu.o
       974         12          0          0          0      16538   gd32f30x_timer.o
       726          0          0         16         24       4750   main.o
        64         26        304          0       2048        924   startup_gd32f30x_hd.o
       542          0          0          4          0       2572   system_gd32f30x.o
       268          0          0          0          4       3963   systick.o

    ----------------------------------------------------------------------
      3498         38        336         20       2084      47988   Object Totals
         0          0         32          0          0          0   (incl. Generated)
        26          0          0          0          8          0   (incl. Padding)

    ----------------------------------------------------------------------

      Code (inc. data)   RO Data    RW Data    ZI Data      Debug   Library Member Name

         8          0          0          0          0         68   __main.o
         0          0          0          0          0          0   __rtentry.o
        12          0          0          0          0          0   __rtentry2.o
         6          0          0          0          0          0   __rtentry4.o
        94          8          0          0          0          0   __scatter.o
        26          0          0          0          0          0   __scatter_copy.o
        28          0          0          0          0          0   __scatter_zi.o
        18          0          0          0          0         80   exit.o
         6          0          0          0          0        152   heapauxi.o
         0          0          0          0          0          0   indicate_semi.o
         2          0          0          0          0          0   libinit.o
         6          0          0          0          0          0   libinit2.o
         2          0          0          0          0          0   libshutdown.o
         2          0          0          0          0          0   libshutdown2.o
         8          4          0          0         96         68   libspace.o
         2          0          0          0          0          0   rtexit.o
        10          0          0          0          0          0   rtexit2.o
        12          4          0          0          0         68   sys_exit.o
        74          0          0          0          0         80   sys_stackheap_outer.o
         2          0          0          0          0         68   use_no_semi.o
        26          0          0          0          0        116   fpinit.o

    ----------------------------------------------------------------------
       354         16          0          0         96        700   Library Totals
        10          0          0          0          0          0   (incl. Padding)

    ----------------------------------------------------------------------

      Code (inc. data)   RO Data    RW Data    ZI Data      Debug   Library Name

       318         16          0          0         96        584   c_w.l
        26          0          0          0          0        116   fz_wm.l

    ----------------------------------------------------------------------
       354         16          0          0         96        700   Library Totals

    ----------------------------------------------------------------------

==============================================================================


      Code (inc. data)   RO Data    RW Data    ZI Data      Debug   

      3852         54        336         20       2180      48480   Grand Totals
      3852         54        336         20       2180      48480   ELF Image Totals
      3852         54        336         20          0          0   ROM Totals

==============================================================================

    Total RO  Size (Code + RO Data)                 4188 (   4.09kB)
    Total RW  Size (RW Data + ZI Data)              2200 (   2.15kB)
    Total ROM Size (Code + RO Data + RW Data)       4208 (   4.11kB)

==============================================================================

