C51 COMPILER V9.59.0.0   MAIN                                                              03/18/2026 21:04:57 PAGE 1   


C51 COMPILER V9.59.0.0, COMPILATION OF MODULE MAIN
OBJECT MODULE PLACED IN main.OBJ
COMPILER INVOKED BY: C:\Keil_v5\C51\BIN\C51.exe main.c DB OE BR INCDIR(C:\SiLabs\MCU\Inc)

line level    source

   1          //-----------------------------------------------------------------------------
   2          // Includes
   3          //-----------------------------------------------------------------------------
   4          #include <c8051F360.h>
   5          #include <compiler_defs.h>
   6          #include <alpabet.h>
   7          
   8          //-----------------------------------------------------------------------------
   9          // Global CONSTANTS
  10          //-----------------------------------------------------------------------------
  11          #define SYSCLK 3062500
  12          
  13          sbit CLK = P2^7;
  14          sbit CLR = P1^7;
  15          sbit TTT = P2^0;
  16          
  17          struct WordPart 
  18          {
  19              unsigned char code *word_data;
  20              unsigned int size;
  21          };
  22          
  23          
  24          struct WordPart word_parts[] = {
  25              { font_M, sizeof(font_M) / sizeof(font_M[0]) },
  26              { font_A, sizeof(font_A) / sizeof(font_A[0]) },
  27              { font_M, sizeof(font_M) / sizeof(font_M[0]) },
  28              { font_A, sizeof(font_A) / sizeof(font_A[0]) }
  29          };
  30          
  31          unsigned int cursor = 0;
  32          unsigned int parts_count = 4;
  33          unsigned int total_length = 0;
  34          
  35          //-----------------------------------------------------------------------------
  36          // Function PROTOTYPES
  37          //-----------------------------------------------------------------------------
  38          void PORT_Init(void);
  39          void Init_Device(void);
  40          void Timer_Init(void);
  41          void Interrupts_Init(void);
  42          
  43          unsigned char get_word_value(unsigned int index);
  44          unsigned int get_word_length(void);
  45          
  46          //-----------------------------------------------------------------------------
  47          // MAIN Routine
  48          //-----------------------------------------------------------------------------
  49          void main(void)
  50          {
  51   1          PCA0MD &= ~0x40;
  52   1          PORT_Init();
  53   1          Init_Device();
  54   1      
  55   1          P2 = 0x00;
C51 COMPILER V9.59.0.0   MAIN                                                              03/18/2026 21:04:57 PAGE 2   

  56   1          CLR = 0;
  57   1      
  58   1          total_length = get_word_length();
  59   1          cursor = 0;
  60   1      
  61   1          while (1) {
  62   2          }
  63   1      }
  64          
  65          //-----------------------------------------------------------------------------
  66          // PORT_Init
  67          //-----------------------------------------------------------------------------
  68          void PORT_Init(void)
  69          {
  70   1          unsigned char SFRPAGE_save = SFRPAGE;
  71   1      
  72   1          SFRPAGE = CONFIG_PAGE;
  73   1          XBR1 = 0x40;
  74   1          SFRPAGE = SFRPAGE_save;
  75   1      }
  76          
  77          void Timer0_ISR(void) interrupt 1
  78          {
  79   1          CLK = 0;
  80   1          CLK = 1;
  81   1      
  82   1          P2 = get_word_value(cursor);
  83   1          cursor++;
  84   1      
  85   1          if (cursor >= total_length) {
  86   2              cursor = 0;
  87   2          }
  88   1      
  89   1          TL0 = 0x66;
  90   1          TH0 = 0xFF;
  91   1      }
  92          
  93          void Timer_Init(void)
  94          {
  95   1          TCON = 0x10;
  96   1          TMOD = 0x01;
  97   1          CKCON = 0x02;
  98   1          TL0 = 0xFF;
  99   1          TH0 = 0xF6;
 100   1      }
 101          
 102          void Interrupts_Init(void)
 103          {
 104   1          SFRPAGE = CONFIG_PAGE;
 105   1          IE = 0x82;
 106   1      }
 107          
 108          void Init_Device(void)
 109          {
 110   1          Timer_Init();
 111   1          Interrupts_Init();
 112   1      }
 113          
 114          unsigned char get_word_value(unsigned int index)
 115          {
 116   1          unsigned int current_index;
 117   1          unsigned int part;
C51 COMPILER V9.59.0.0   MAIN                                                              03/18/2026 21:04:57 PAGE 3   

 118   1      
 119   1          current_index = index;
 120   1      
 121   1          for (part = 0; part < parts_count; part++) {
 122   2              if (current_index < word_parts[part].size) {
 123   3                  return word_parts[part].word_data[current_index];
 124   3              }
 125   2              current_index -= word_parts[part].size;
 126   2          }
 127   1      
 128   1          return 0;
 129   1      }
 130          
 131          unsigned int get_word_length(void)
 132          {
 133   1          unsigned int total;
 134   1          unsigned int part;
 135   1      
 136   1          total = 0;
 137   1      
 138   1          for (part = 0; part < parts_count; part++) {
 139   2              total += word_parts[part].size;
 140   2          }
 141   1      
 142   1          return total;
 143   1      }


MODULE INFORMATION:   STATIC OVERLAYABLE
   CODE SIZE        =    293    ----
   CONSTANT SIZE    =    221    ----
   XDATA SIZE       =   ----    ----
   PDATA SIZE       =   ----    ----
   DATA SIZE        =     22    ----
   IDATA SIZE       =   ----    ----
   BIT SIZE         =   ----    ----
END OF MODULE INFORMATION.


C51 COMPILATION COMPLETE.  0 WARNING(S),  0 ERROR(S)
